Started process (PID=257) to work on /opt/airflow/dags/airflow_lab2.py
Processing file /opt/airflow/dags/airflow_lab2.py for tasks to queue
Filling up the DagBag from /opt/airflow/dags/airflow_lab2.py
Failed to import: /opt/airflow/dags/airflow_lab2.py
Traceback (most recent call last):
  File "/home/airflow/.local/lib/python3.8/site-packages/airflow/models/dagbag.py", line 346, in parse
    loader.exec_module(new_module)
  File "<frozen importlib._bootstrap_external>", line 843, in exec_module
  File "<frozen importlib._bootstrap>", line 219, in _call_with_frames_removed
  File "/opt/airflow/dags/airflow_lab2.py", line 2, in <module>
    from airflow.providers.standard.operators.python import PythonOperator
ModuleNotFoundError: No module named 'airflow.providers.standard'
No viable dags retrieved from /opt/airflow/dags/airflow_lab2.py
Processing /opt/airflow/dags/airflow_lab2.py took 0.026 seconds
Started process (PID=262) to work on /opt/airflow/dags/airflow_lab2.py
Processing file /opt/airflow/dags/airflow_lab2.py for tasks to queue
Filling up the DagBag from /opt/airflow/dags/airflow_lab2.py
Failed to import: /opt/airflow/dags/airflow_lab2.py
Traceback (most recent call last):
  File "/home/airflow/.local/lib/python3.8/site-packages/airflow/models/dagbag.py", line 346, in parse
    loader.exec_module(new_module)
  File "<frozen importlib._bootstrap_external>", line 843, in exec_module
  File "<frozen importlib._bootstrap>", line 219, in _call_with_frames_removed
  File "/opt/airflow/dags/airflow_lab2.py", line 2, in <module>
    from airflow.providers.standard.operators.python import PythonOperator
ModuleNotFoundError: No module named 'airflow.providers.standard'
No viable dags retrieved from /opt/airflow/dags/airflow_lab2.py
Processing /opt/airflow/dags/airflow_lab2.py took 0.027 seconds
Started process (PID=267) to work on /opt/airflow/dags/airflow_lab2.py
Processing file /opt/airflow/dags/airflow_lab2.py for tasks to queue
Filling up the DagBag from /opt/airflow/dags/airflow_lab2.py
Failed to import: /opt/airflow/dags/airflow_lab2.py
Traceback (most recent call last):
  File "/home/airflow/.local/lib/python3.8/site-packages/airflow/models/dagbag.py", line 346, in parse
    loader.exec_module(new_module)
  File "<frozen importlib._bootstrap_external>", line 843, in exec_module
  File "<frozen importlib._bootstrap>", line 219, in _call_with_frames_removed
  File "/opt/airflow/dags/airflow_lab2.py", line 2, in <module>
    from airflow.providers.standard.operators.python import PythonOperator
ModuleNotFoundError: No module named 'airflow.providers.standard'
No viable dags retrieved from /opt/airflow/dags/airflow_lab2.py
Processing /opt/airflow/dags/airflow_lab2.py took 0.028 seconds
Started process (PID=272) to work on /opt/airflow/dags/airflow_lab2.py
Processing file /opt/airflow/dags/airflow_lab2.py for tasks to queue
Filling up the DagBag from /opt/airflow/dags/airflow_lab2.py
Failed to import: /opt/airflow/dags/airflow_lab2.py
Traceback (most recent call last):
  File "/home/airflow/.local/lib/python3.8/site-packages/airflow/models/dagbag.py", line 346, in parse
    loader.exec_module(new_module)
  File "<frozen importlib._bootstrap_external>", line 843, in exec_module
  File "<frozen importlib._bootstrap>", line 219, in _call_with_frames_removed
  File "/opt/airflow/dags/airflow_lab2.py", line 2, in <module>
    from airflow.providers.standard.operators.python import PythonOperator
ModuleNotFoundError: No module named 'airflow.providers.standard'
No viable dags retrieved from /opt/airflow/dags/airflow_lab2.py
Processing /opt/airflow/dags/airflow_lab2.py took 0.026 seconds
Started process (PID=277) to work on /opt/airflow/dags/airflow_lab2.py
Processing file /opt/airflow/dags/airflow_lab2.py for tasks to queue
Filling up the DagBag from /opt/airflow/dags/airflow_lab2.py
Failed to import: /opt/airflow/dags/airflow_lab2.py
Traceback (most recent call last):
  File "/home/airflow/.local/lib/python3.8/site-packages/airflow/models/dagbag.py", line 346, in parse
    loader.exec_module(new_module)
  File "<frozen importlib._bootstrap_external>", line 843, in exec_module
  File "<frozen importlib._bootstrap>", line 219, in _call_with_frames_removed
  File "/opt/airflow/dags/airflow_lab2.py", line 2, in <module>
    from airflow.providers.standard.operators.python import PythonOperator
ModuleNotFoundError: No module named 'airflow.providers.standard'
No viable dags retrieved from /opt/airflow/dags/airflow_lab2.py
Processing /opt/airflow/dags/airflow_lab2.py took 0.021 seconds
Started process (PID=346) to work on /opt/airflow/dags/airflow_lab2.py
Processing file /opt/airflow/dags/airflow_lab2.py for tasks to queue
Filling up the DagBag from /opt/airflow/dags/airflow_lab2.py
Failed to import: /opt/airflow/dags/airflow_lab2.py
Traceback (most recent call last):
  File "/home/airflow/.local/lib/python3.8/site-packages/airflow/models/dagbag.py", line 346, in parse
    loader.exec_module(new_module)
  File "<frozen importlib._bootstrap_external>", line 843, in exec_module
  File "<frozen importlib._bootstrap>", line 219, in _call_with_frames_removed
  File "/opt/airflow/dags/airflow_lab2.py", line 2, in <module>
    from airflow.providers.standard.operators.python import PythonOperator
ModuleNotFoundError: No module named 'airflow.providers.standard'
No viable dags retrieved from /opt/airflow/dags/airflow_lab2.py
Processing /opt/airflow/dags/airflow_lab2.py took 0.042 seconds
Started process (PID=167) to work on /opt/airflow/dags/airflow_lab2.py
Processing file /opt/airflow/dags/airflow_lab2.py for tasks to queue
Filling up the DagBag from /opt/airflow/dags/airflow_lab2.py
Failed to import: /opt/airflow/dags/airflow_lab2.py
Traceback (most recent call last):
  File "/home/airflow/.local/lib/python3.8/site-packages/airflow/models/dagbag.py", line 346, in parse
    loader.exec_module(new_module)
  File "<frozen importlib._bootstrap_external>", line 843, in exec_module
  File "<frozen importlib._bootstrap>", line 219, in _call_with_frames_removed
  File "/opt/airflow/dags/airflow_lab2.py", line 2, in <module>
    from airflow.providers.standard.operators.python import PythonOperator
ModuleNotFoundError: No module named 'airflow.providers.standard'
No viable dags retrieved from /opt/airflow/dags/airflow_lab2.py
Processing /opt/airflow/dags/airflow_lab2.py took 0.019 seconds
Started process (PID=172) to work on /opt/airflow/dags/airflow_lab2.py
Processing file /opt/airflow/dags/airflow_lab2.py for tasks to queue
Filling up the DagBag from /opt/airflow/dags/airflow_lab2.py
Failed to import: /opt/airflow/dags/airflow_lab2.py
Traceback (most recent call last):
  File "/home/airflow/.local/lib/python3.8/site-packages/airflow/models/dagbag.py", line 346, in parse
    loader.exec_module(new_module)
  File "<frozen importlib._bootstrap_external>", line 843, in exec_module
  File "<frozen importlib._bootstrap>", line 219, in _call_with_frames_removed
  File "/opt/airflow/dags/airflow_lab2.py", line 2, in <module>
    from airflow.providers.standard.operators.python import PythonOperator
ModuleNotFoundError: No module named 'airflow.providers.standard'
No viable dags retrieved from /opt/airflow/dags/airflow_lab2.py
Processing /opt/airflow/dags/airflow_lab2.py took 0.027 seconds
Started process (PID=177) to work on /opt/airflow/dags/airflow_lab2.py
Processing file /opt/airflow/dags/airflow_lab2.py for tasks to queue
Filling up the DagBag from /opt/airflow/dags/airflow_lab2.py
Failed to import: /opt/airflow/dags/airflow_lab2.py
Traceback (most recent call last):
  File "/home/airflow/.local/lib/python3.8/site-packages/airflow/models/dagbag.py", line 346, in parse
    loader.exec_module(new_module)
  File "<frozen importlib._bootstrap_external>", line 843, in exec_module
  File "<frozen importlib._bootstrap>", line 219, in _call_with_frames_removed
  File "/opt/airflow/dags/airflow_lab2.py", line 2, in <module>
    from airflow.providers.standard.operators.python import PythonOperator
ModuleNotFoundError: No module named 'airflow.providers.standard'
No viable dags retrieved from /opt/airflow/dags/airflow_lab2.py
Processing /opt/airflow/dags/airflow_lab2.py took 0.026 seconds
Started process (PID=182) to work on /opt/airflow/dags/airflow_lab2.py
Processing file /opt/airflow/dags/airflow_lab2.py for tasks to queue
Filling up the DagBag from /opt/airflow/dags/airflow_lab2.py
Failed to import: /opt/airflow/dags/airflow_lab2.py
Traceback (most recent call last):
  File "/home/airflow/.local/lib/python3.8/site-packages/airflow/models/dagbag.py", line 346, in parse
    loader.exec_module(new_module)
  File "<frozen importlib._bootstrap_external>", line 843, in exec_module
  File "<frozen importlib._bootstrap>", line 219, in _call_with_frames_removed
  File "/opt/airflow/dags/airflow_lab2.py", line 2, in <module>
    from airflow.providers.standard.operators.python import PythonOperator
ModuleNotFoundError: No module named 'airflow.providers.standard'
No viable dags retrieved from /opt/airflow/dags/airflow_lab2.py
Processing /opt/airflow/dags/airflow_lab2.py took 0.038 seconds
Started process (PID=187) to work on /opt/airflow/dags/airflow_lab2.py
Processing file /opt/airflow/dags/airflow_lab2.py for tasks to queue
Filling up the DagBag from /opt/airflow/dags/airflow_lab2.py
Failed to import: /opt/airflow/dags/airflow_lab2.py
Traceback (most recent call last):
  File "/home/airflow/.local/lib/python3.8/site-packages/airflow/models/dagbag.py", line 346, in parse
    loader.exec_module(new_module)
  File "<frozen importlib._bootstrap_external>", line 843, in exec_module
  File "<frozen importlib._bootstrap>", line 219, in _call_with_frames_removed
  File "/opt/airflow/dags/airflow_lab2.py", line 2, in <module>
    from airflow.providers.standard.operators.python import PythonOperator
ModuleNotFoundError: No module named 'airflow.providers.standard'
No viable dags retrieved from /opt/airflow/dags/airflow_lab2.py
Processing /opt/airflow/dags/airflow_lab2.py took 0.018 seconds
Started process (PID=192) to work on /opt/airflow/dags/airflow_lab2.py
Processing file /opt/airflow/dags/airflow_lab2.py for tasks to queue
Filling up the DagBag from /opt/airflow/dags/airflow_lab2.py
Failed to import: /opt/airflow/dags/airflow_lab2.py
Traceback (most recent call last):
  File "/home/airflow/.local/lib/python3.8/site-packages/airflow/models/dagbag.py", line 346, in parse
    loader.exec_module(new_module)
  File "<frozen importlib._bootstrap_external>", line 843, in exec_module
  File "<frozen importlib._bootstrap>", line 219, in _call_with_frames_removed
  File "/opt/airflow/dags/airflow_lab2.py", line 2, in <module>
    from airflow.providers.standard.operators.python import PythonOperator
ModuleNotFoundError: No module named 'airflow.providers.standard'
No viable dags retrieved from /opt/airflow/dags/airflow_lab2.py
Processing /opt/airflow/dags/airflow_lab2.py took 0.051 seconds
Started process (PID=167) to work on /opt/airflow/dags/airflow_lab2.py
Processing file /opt/airflow/dags/airflow_lab2.py for tasks to queue
Filling up the DagBag from /opt/airflow/dags/airflow_lab2.py
Failed to import: /opt/airflow/dags/airflow_lab2.py
Traceback (most recent call last):
  File "/home/airflow/.local/lib/python3.8/site-packages/airflow/models/dagbag.py", line 346, in parse
    loader.exec_module(new_module)
  File "<frozen importlib._bootstrap_external>", line 843, in exec_module
  File "<frozen importlib._bootstrap>", line 219, in _call_with_frames_removed
  File "/opt/airflow/dags/airflow_lab2.py", line 2, in <module>
    from airflow.providers.standard.operators.python import PythonOperator
ModuleNotFoundError: No module named 'airflow.providers.standard'
No viable dags retrieved from /opt/airflow/dags/airflow_lab2.py
Processing /opt/airflow/dags/airflow_lab2.py took 0.026 seconds
Started process (PID=172) to work on /opt/airflow/dags/airflow_lab2.py
Processing file /opt/airflow/dags/airflow_lab2.py for tasks to queue
Filling up the DagBag from /opt/airflow/dags/airflow_lab2.py
Failed to import: /opt/airflow/dags/airflow_lab2.py
Traceback (most recent call last):
  File "/home/airflow/.local/lib/python3.8/site-packages/airflow/models/dagbag.py", line 346, in parse
    loader.exec_module(new_module)
  File "<frozen importlib._bootstrap_external>", line 843, in exec_module
  File "<frozen importlib._bootstrap>", line 219, in _call_with_frames_removed
  File "/opt/airflow/dags/airflow_lab2.py", line 2, in <module>
    from airflow.providers.standard.operators.python import PythonOperator
ModuleNotFoundError: No module named 'airflow.providers.standard'
No viable dags retrieved from /opt/airflow/dags/airflow_lab2.py
Processing /opt/airflow/dags/airflow_lab2.py took 0.027 seconds
Started process (PID=177) to work on /opt/airflow/dags/airflow_lab2.py
Processing file /opt/airflow/dags/airflow_lab2.py for tasks to queue
Filling up the DagBag from /opt/airflow/dags/airflow_lab2.py
Failed to import: /opt/airflow/dags/airflow_lab2.py
Traceback (most recent call last):
  File "/home/airflow/.local/lib/python3.8/site-packages/airflow/models/dagbag.py", line 346, in parse
    loader.exec_module(new_module)
  File "<frozen importlib._bootstrap_external>", line 843, in exec_module
  File "<frozen importlib._bootstrap>", line 219, in _call_with_frames_removed
  File "/opt/airflow/dags/airflow_lab2.py", line 2, in <module>
    from airflow.providers.standard.operators.python import PythonOperator
ModuleNotFoundError: No module named 'airflow.providers.standard'
No viable dags retrieved from /opt/airflow/dags/airflow_lab2.py
Processing /opt/airflow/dags/airflow_lab2.py took 0.018 seconds
Started process (PID=182) to work on /opt/airflow/dags/airflow_lab2.py
Processing file /opt/airflow/dags/airflow_lab2.py for tasks to queue
Filling up the DagBag from /opt/airflow/dags/airflow_lab2.py
Failed to import: /opt/airflow/dags/airflow_lab2.py
Traceback (most recent call last):
  File "/home/airflow/.local/lib/python3.8/site-packages/airflow/models/dagbag.py", line 346, in parse
    loader.exec_module(new_module)
  File "<frozen importlib._bootstrap_external>", line 843, in exec_module
  File "<frozen importlib._bootstrap>", line 219, in _call_with_frames_removed
  File "/opt/airflow/dags/airflow_lab2.py", line 2, in <module>
    from airflow.providers.standard.operators.python import PythonOperator
ModuleNotFoundError: No module named 'airflow.providers.standard'
No viable dags retrieved from /opt/airflow/dags/airflow_lab2.py
Processing /opt/airflow/dags/airflow_lab2.py took 0.032 seconds
Started process (PID=187) to work on /opt/airflow/dags/airflow_lab2.py
Processing file /opt/airflow/dags/airflow_lab2.py for tasks to queue
Filling up the DagBag from /opt/airflow/dags/airflow_lab2.py
Failed to import: /opt/airflow/dags/airflow_lab2.py
Traceback (most recent call last):
  File "/home/airflow/.local/lib/python3.8/site-packages/airflow/models/dagbag.py", line 346, in parse
    loader.exec_module(new_module)
  File "<frozen importlib._bootstrap_external>", line 843, in exec_module
  File "<frozen importlib._bootstrap>", line 219, in _call_with_frames_removed
  File "/opt/airflow/dags/airflow_lab2.py", line 2, in <module>
    from airflow.providers.standard.operators.python import PythonOperator
ModuleNotFoundError: No module named 'airflow.providers.standard'
No viable dags retrieved from /opt/airflow/dags/airflow_lab2.py
Processing /opt/airflow/dags/airflow_lab2.py took 0.022 seconds
Started process (PID=193) to work on /opt/airflow/dags/airflow_lab2.py
Processing file /opt/airflow/dags/airflow_lab2.py for tasks to queue
Filling up the DagBag from /opt/airflow/dags/airflow_lab2.py
Failed to import: /opt/airflow/dags/airflow_lab2.py
Traceback (most recent call last):
  File "/home/airflow/.local/lib/python3.8/site-packages/airflow/models/dagbag.py", line 346, in parse
    loader.exec_module(new_module)
  File "<frozen importlib._bootstrap_external>", line 843, in exec_module
  File "<frozen importlib._bootstrap>", line 219, in _call_with_frames_removed
  File "/opt/airflow/dags/airflow_lab2.py", line 2, in <module>
    from airflow.providers.standard.operators.python import PythonOperator
ModuleNotFoundError: No module named 'airflow.providers.standard'
No viable dags retrieved from /opt/airflow/dags/airflow_lab2.py
Processing /opt/airflow/dags/airflow_lab2.py took 0.030 seconds
Started process (PID=199) to work on /opt/airflow/dags/airflow_lab2.py
Processing file /opt/airflow/dags/airflow_lab2.py for tasks to queue
Filling up the DagBag from /opt/airflow/dags/airflow_lab2.py
Failed to import: /opt/airflow/dags/airflow_lab2.py
Traceback (most recent call last):
  File "/home/airflow/.local/lib/python3.8/site-packages/airflow/models/dagbag.py", line 346, in parse
    loader.exec_module(new_module)
  File "<frozen importlib._bootstrap_external>", line 843, in exec_module
  File "<frozen importlib._bootstrap>", line 219, in _call_with_frames_removed
  File "/opt/airflow/dags/airflow_lab2.py", line 2, in <module>
    from airflow.providers.standard.operators.python import PythonOperator
ModuleNotFoundError: No module named 'airflow.providers.standard'
No viable dags retrieved from /opt/airflow/dags/airflow_lab2.py
Processing /opt/airflow/dags/airflow_lab2.py took 0.071 seconds
Started process (PID=206) to work on /opt/airflow/dags/airflow_lab2.py
Processing file /opt/airflow/dags/airflow_lab2.py for tasks to queue
Filling up the DagBag from /opt/airflow/dags/airflow_lab2.py
Failed to import: /opt/airflow/dags/airflow_lab2.py
Traceback (most recent call last):
  File "/home/airflow/.local/lib/python3.8/site-packages/airflow/models/dagbag.py", line 346, in parse
    loader.exec_module(new_module)
  File "<frozen importlib._bootstrap_external>", line 843, in exec_module
  File "<frozen importlib._bootstrap>", line 219, in _call_with_frames_removed
  File "/opt/airflow/dags/airflow_lab2.py", line 2, in <module>
    from airflow.providers.standard.operators.python import PythonOperator
ModuleNotFoundError: No module named 'airflow.providers.standard'
No viable dags retrieved from /opt/airflow/dags/airflow_lab2.py
Processing /opt/airflow/dags/airflow_lab2.py took 0.034 seconds
Started process (PID=211) to work on /opt/airflow/dags/airflow_lab2.py
Processing file /opt/airflow/dags/airflow_lab2.py for tasks to queue
Filling up the DagBag from /opt/airflow/dags/airflow_lab2.py
Failed to import: /opt/airflow/dags/airflow_lab2.py
Traceback (most recent call last):
  File "/home/airflow/.local/lib/python3.8/site-packages/airflow/models/dagbag.py", line 346, in parse
    loader.exec_module(new_module)
  File "<frozen importlib._bootstrap_external>", line 843, in exec_module
  File "<frozen importlib._bootstrap>", line 219, in _call_with_frames_removed
  File "/opt/airflow/dags/airflow_lab2.py", line 2, in <module>
    from airflow.providers.standard.operators.python import PythonOperator
ModuleNotFoundError: No module named 'airflow.providers.standard'
No viable dags retrieved from /opt/airflow/dags/airflow_lab2.py
Processing /opt/airflow/dags/airflow_lab2.py took 0.042 seconds
Started process (PID=216) to work on /opt/airflow/dags/airflow_lab2.py
Processing file /opt/airflow/dags/airflow_lab2.py for tasks to queue
Filling up the DagBag from /opt/airflow/dags/airflow_lab2.py
Failed to import: /opt/airflow/dags/airflow_lab2.py
Traceback (most recent call last):
  File "/home/airflow/.local/lib/python3.8/site-packages/airflow/models/dagbag.py", line 346, in parse
    loader.exec_module(new_module)
  File "<frozen importlib._bootstrap_external>", line 843, in exec_module
  File "<frozen importlib._bootstrap>", line 219, in _call_with_frames_removed
  File "/opt/airflow/dags/airflow_lab2.py", line 2, in <module>
    from airflow.providers.standard.operators.python import PythonOperator
ModuleNotFoundError: No module named 'airflow.providers.standard'
No viable dags retrieved from /opt/airflow/dags/airflow_lab2.py
Processing /opt/airflow/dags/airflow_lab2.py took 0.039 seconds
Started process (PID=221) to work on /opt/airflow/dags/airflow_lab2.py
Processing file /opt/airflow/dags/airflow_lab2.py for tasks to queue
Filling up the DagBag from /opt/airflow/dags/airflow_lab2.py
Failed to import: /opt/airflow/dags/airflow_lab2.py
Traceback (most recent call last):
  File "/home/airflow/.local/lib/python3.8/site-packages/airflow/models/dagbag.py", line 346, in parse
    loader.exec_module(new_module)
  File "<frozen importlib._bootstrap_external>", line 843, in exec_module
  File "<frozen importlib._bootstrap>", line 219, in _call_with_frames_removed
  File "/opt/airflow/dags/airflow_lab2.py", line 2, in <module>
    from airflow.providers.standard.operators.python import PythonOperator
ModuleNotFoundError: No module named 'airflow.providers.standard'
No viable dags retrieved from /opt/airflow/dags/airflow_lab2.py
Processing /opt/airflow/dags/airflow_lab2.py took 0.013 seconds
Started process (PID=226) to work on /opt/airflow/dags/airflow_lab2.py
Processing file /opt/airflow/dags/airflow_lab2.py for tasks to queue
Filling up the DagBag from /opt/airflow/dags/airflow_lab2.py
Failed to import: /opt/airflow/dags/airflow_lab2.py
Traceback (most recent call last):
  File "/home/airflow/.local/lib/python3.8/site-packages/airflow/models/dagbag.py", line 346, in parse
    loader.exec_module(new_module)
  File "<frozen importlib._bootstrap_external>", line 843, in exec_module
  File "<frozen importlib._bootstrap>", line 219, in _call_with_frames_removed
  File "/opt/airflow/dags/airflow_lab2.py", line 2, in <module>
    from airflow.providers.standard.operators.python import PythonOperator
ModuleNotFoundError: No module named 'airflow.providers.standard'
No viable dags retrieved from /opt/airflow/dags/airflow_lab2.py
Processing /opt/airflow/dags/airflow_lab2.py took 0.030 seconds
Started process (PID=231) to work on /opt/airflow/dags/airflow_lab2.py
Processing file /opt/airflow/dags/airflow_lab2.py for tasks to queue
Filling up the DagBag from /opt/airflow/dags/airflow_lab2.py
Failed to import: /opt/airflow/dags/airflow_lab2.py
Traceback (most recent call last):
  File "/home/airflow/.local/lib/python3.8/site-packages/airflow/models/dagbag.py", line 346, in parse
    loader.exec_module(new_module)
  File "<frozen importlib._bootstrap_external>", line 843, in exec_module
  File "<frozen importlib._bootstrap>", line 219, in _call_with_frames_removed
  File "/opt/airflow/dags/airflow_lab2.py", line 2, in <module>
    from airflow.providers.standard.operators.python import PythonOperator
ModuleNotFoundError: No module named 'airflow.providers.standard'
No viable dags retrieved from /opt/airflow/dags/airflow_lab2.py
Processing /opt/airflow/dags/airflow_lab2.py took 0.018 seconds
Started process (PID=236) to work on /opt/airflow/dags/airflow_lab2.py
Processing file /opt/airflow/dags/airflow_lab2.py for tasks to queue
Filling up the DagBag from /opt/airflow/dags/airflow_lab2.py
Failed to import: /opt/airflow/dags/airflow_lab2.py
Traceback (most recent call last):
  File "/home/airflow/.local/lib/python3.8/site-packages/airflow/models/dagbag.py", line 346, in parse
    loader.exec_module(new_module)
  File "<frozen importlib._bootstrap_external>", line 843, in exec_module
  File "<frozen importlib._bootstrap>", line 219, in _call_with_frames_removed
  File "/opt/airflow/dags/airflow_lab2.py", line 2, in <module>
    from airflow.providers.standard.operators.python import PythonOperator
ModuleNotFoundError: No module named 'airflow.providers.standard'
No viable dags retrieved from /opt/airflow/dags/airflow_lab2.py
Processing /opt/airflow/dags/airflow_lab2.py took 0.040 seconds
Started process (PID=241) to work on /opt/airflow/dags/airflow_lab2.py
Processing file /opt/airflow/dags/airflow_lab2.py for tasks to queue
Filling up the DagBag from /opt/airflow/dags/airflow_lab2.py
Failed to import: /opt/airflow/dags/airflow_lab2.py
Traceback (most recent call last):
  File "/home/airflow/.local/lib/python3.8/site-packages/airflow/models/dagbag.py", line 346, in parse
    loader.exec_module(new_module)
  File "<frozen importlib._bootstrap_external>", line 843, in exec_module
  File "<frozen importlib._bootstrap>", line 219, in _call_with_frames_removed
  File "/opt/airflow/dags/airflow_lab2.py", line 2, in <module>
    from airflow.providers.standard.operators.python import PythonOperator
ModuleNotFoundError: No module named 'airflow.providers.standard'
No viable dags retrieved from /opt/airflow/dags/airflow_lab2.py
Processing /opt/airflow/dags/airflow_lab2.py took 0.046 seconds
Started process (PID=246) to work on /opt/airflow/dags/airflow_lab2.py
Processing file /opt/airflow/dags/airflow_lab2.py for tasks to queue
Filling up the DagBag from /opt/airflow/dags/airflow_lab2.py
Failed to import: /opt/airflow/dags/airflow_lab2.py
Traceback (most recent call last):
  File "/home/airflow/.local/lib/python3.8/site-packages/airflow/models/dagbag.py", line 346, in parse
    loader.exec_module(new_module)
  File "<frozen importlib._bootstrap_external>", line 843, in exec_module
  File "<frozen importlib._bootstrap>", line 219, in _call_with_frames_removed
  File "/opt/airflow/dags/airflow_lab2.py", line 2, in <module>
    from airflow.providers.standard.operators.python import PythonOperator
ModuleNotFoundError: No module named 'airflow.providers.standard'
No viable dags retrieved from /opt/airflow/dags/airflow_lab2.py
Processing /opt/airflow/dags/airflow_lab2.py took 0.028 seconds
Started process (PID=251) to work on /opt/airflow/dags/airflow_lab2.py
Processing file /opt/airflow/dags/airflow_lab2.py for tasks to queue
Filling up the DagBag from /opt/airflow/dags/airflow_lab2.py
Failed to import: /opt/airflow/dags/airflow_lab2.py
Traceback (most recent call last):
  File "/home/airflow/.local/lib/python3.8/site-packages/airflow/models/dagbag.py", line 346, in parse
    loader.exec_module(new_module)
  File "<frozen importlib._bootstrap_external>", line 843, in exec_module
  File "<frozen importlib._bootstrap>", line 219, in _call_with_frames_removed
  File "/opt/airflow/dags/airflow_lab2.py", line 2, in <module>
    from airflow.providers.standard.operators.python import PythonOperator
ModuleNotFoundError: No module named 'airflow.providers.standard'
No viable dags retrieved from /opt/airflow/dags/airflow_lab2.py
Processing /opt/airflow/dags/airflow_lab2.py took 0.032 seconds
Started process (PID=256) to work on /opt/airflow/dags/airflow_lab2.py
Processing file /opt/airflow/dags/airflow_lab2.py for tasks to queue
Filling up the DagBag from /opt/airflow/dags/airflow_lab2.py
Failed to import: /opt/airflow/dags/airflow_lab2.py
Traceback (most recent call last):
  File "/home/airflow/.local/lib/python3.8/site-packages/airflow/models/dagbag.py", line 346, in parse
    loader.exec_module(new_module)
  File "<frozen importlib._bootstrap_external>", line 843, in exec_module
  File "<frozen importlib._bootstrap>", line 219, in _call_with_frames_removed
  File "/opt/airflow/dags/airflow_lab2.py", line 2, in <module>
    from airflow.providers.standard.operators.python import PythonOperator
ModuleNotFoundError: No module named 'airflow.providers.standard'
No viable dags retrieved from /opt/airflow/dags/airflow_lab2.py
Processing /opt/airflow/dags/airflow_lab2.py took 0.020 seconds
Started process (PID=261) to work on /opt/airflow/dags/airflow_lab2.py
Processing file /opt/airflow/dags/airflow_lab2.py for tasks to queue
Filling up the DagBag from /opt/airflow/dags/airflow_lab2.py
Failed to import: /opt/airflow/dags/airflow_lab2.py
Traceback (most recent call last):
  File "/home/airflow/.local/lib/python3.8/site-packages/airflow/models/dagbag.py", line 346, in parse
    loader.exec_module(new_module)
  File "<frozen importlib._bootstrap_external>", line 843, in exec_module
  File "<frozen importlib._bootstrap>", line 219, in _call_with_frames_removed
  File "/opt/airflow/dags/airflow_lab2.py", line 2, in <module>
    from airflow.providers.standard.operators.python import PythonOperator
ModuleNotFoundError: No module named 'airflow.providers.standard'
No viable dags retrieved from /opt/airflow/dags/airflow_lab2.py
Processing /opt/airflow/dags/airflow_lab2.py took 0.022 seconds
Started process (PID=266) to work on /opt/airflow/dags/airflow_lab2.py
Processing file /opt/airflow/dags/airflow_lab2.py for tasks to queue
Filling up the DagBag from /opt/airflow/dags/airflow_lab2.py
Failed to import: /opt/airflow/dags/airflow_lab2.py
Traceback (most recent call last):
  File "/home/airflow/.local/lib/python3.8/site-packages/airflow/models/dagbag.py", line 346, in parse
    loader.exec_module(new_module)
  File "<frozen importlib._bootstrap_external>", line 843, in exec_module
  File "<frozen importlib._bootstrap>", line 219, in _call_with_frames_removed
  File "/opt/airflow/dags/airflow_lab2.py", line 2, in <module>
    from airflow.providers.standard.operators.python import PythonOperator
ModuleNotFoundError: No module named 'airflow.providers.standard'
No viable dags retrieved from /opt/airflow/dags/airflow_lab2.py
Processing /opt/airflow/dags/airflow_lab2.py took 0.025 seconds
Started process (PID=271) to work on /opt/airflow/dags/airflow_lab2.py
Processing file /opt/airflow/dags/airflow_lab2.py for tasks to queue
Filling up the DagBag from /opt/airflow/dags/airflow_lab2.py
Failed to import: /opt/airflow/dags/airflow_lab2.py
Traceback (most recent call last):
  File "/home/airflow/.local/lib/python3.8/site-packages/airflow/models/dagbag.py", line 346, in parse
    loader.exec_module(new_module)
  File "<frozen importlib._bootstrap_external>", line 843, in exec_module
  File "<frozen importlib._bootstrap>", line 219, in _call_with_frames_removed
  File "/opt/airflow/dags/airflow_lab2.py", line 2, in <module>
    from airflow.providers.standard.operators.python import PythonOperator
ModuleNotFoundError: No module named 'airflow.providers.standard'
No viable dags retrieved from /opt/airflow/dags/airflow_lab2.py
Processing /opt/airflow/dags/airflow_lab2.py took 0.027 seconds
Started process (PID=276) to work on /opt/airflow/dags/airflow_lab2.py
Processing file /opt/airflow/dags/airflow_lab2.py for tasks to queue
Filling up the DagBag from /opt/airflow/dags/airflow_lab2.py
Failed to import: /opt/airflow/dags/airflow_lab2.py
Traceback (most recent call last):
  File "/home/airflow/.local/lib/python3.8/site-packages/airflow/models/dagbag.py", line 346, in parse
    loader.exec_module(new_module)
  File "<frozen importlib._bootstrap_external>", line 843, in exec_module
  File "<frozen importlib._bootstrap>", line 219, in _call_with_frames_removed
  File "/opt/airflow/dags/airflow_lab2.py", line 2, in <module>
    from airflow.providers.standard.operators.python import PythonOperator
ModuleNotFoundError: No module named 'airflow.providers.standard'
No viable dags retrieved from /opt/airflow/dags/airflow_lab2.py
Processing /opt/airflow/dags/airflow_lab2.py took 0.021 seconds
Started process (PID=281) to work on /opt/airflow/dags/airflow_lab2.py
Processing file /opt/airflow/dags/airflow_lab2.py for tasks to queue
Filling up the DagBag from /opt/airflow/dags/airflow_lab2.py
Failed to import: /opt/airflow/dags/airflow_lab2.py
Traceback (most recent call last):
  File "/home/airflow/.local/lib/python3.8/site-packages/airflow/models/dagbag.py", line 346, in parse
    loader.exec_module(new_module)
  File "<frozen importlib._bootstrap_external>", line 843, in exec_module
  File "<frozen importlib._bootstrap>", line 219, in _call_with_frames_removed
  File "/opt/airflow/dags/airflow_lab2.py", line 2, in <module>
    from airflow.providers.standard.operators.python import PythonOperator
ModuleNotFoundError: No module named 'airflow.providers.standard'
No viable dags retrieved from /opt/airflow/dags/airflow_lab2.py
Processing /opt/airflow/dags/airflow_lab2.py took 0.026 seconds
Started process (PID=286) to work on /opt/airflow/dags/airflow_lab2.py
Processing file /opt/airflow/dags/airflow_lab2.py for tasks to queue
Filling up the DagBag from /opt/airflow/dags/airflow_lab2.py
Failed to import: /opt/airflow/dags/airflow_lab2.py
Traceback (most recent call last):
  File "/home/airflow/.local/lib/python3.8/site-packages/airflow/models/dagbag.py", line 346, in parse
    loader.exec_module(new_module)
  File "<frozen importlib._bootstrap_external>", line 843, in exec_module
  File "<frozen importlib._bootstrap>", line 219, in _call_with_frames_removed
  File "/opt/airflow/dags/airflow_lab2.py", line 2, in <module>
    from airflow.providers.standard.operators.python import PythonOperator
ModuleNotFoundError: No module named 'airflow.providers.standard'
No viable dags retrieved from /opt/airflow/dags/airflow_lab2.py
Processing /opt/airflow/dags/airflow_lab2.py took 0.039 seconds
Started process (PID=291) to work on /opt/airflow/dags/airflow_lab2.py
Processing file /opt/airflow/dags/airflow_lab2.py for tasks to queue
Filling up the DagBag from /opt/airflow/dags/airflow_lab2.py
Failed to import: /opt/airflow/dags/airflow_lab2.py
Traceback (most recent call last):
  File "/home/airflow/.local/lib/python3.8/site-packages/airflow/models/dagbag.py", line 346, in parse
    loader.exec_module(new_module)
  File "<frozen importlib._bootstrap_external>", line 843, in exec_module
  File "<frozen importlib._bootstrap>", line 219, in _call_with_frames_removed
  File "/opt/airflow/dags/airflow_lab2.py", line 2, in <module>
    from airflow.providers.standard.operators.python import PythonOperator
ModuleNotFoundError: No module named 'airflow.providers.standard'
No viable dags retrieved from /opt/airflow/dags/airflow_lab2.py
Processing /opt/airflow/dags/airflow_lab2.py took 0.025 seconds
Started process (PID=296) to work on /opt/airflow/dags/airflow_lab2.py
Processing file /opt/airflow/dags/airflow_lab2.py for tasks to queue
Filling up the DagBag from /opt/airflow/dags/airflow_lab2.py
Failed to import: /opt/airflow/dags/airflow_lab2.py
Traceback (most recent call last):
  File "/home/airflow/.local/lib/python3.8/site-packages/airflow/models/dagbag.py", line 346, in parse
    loader.exec_module(new_module)
  File "<frozen importlib._bootstrap_external>", line 843, in exec_module
  File "<frozen importlib._bootstrap>", line 219, in _call_with_frames_removed
  File "/opt/airflow/dags/airflow_lab2.py", line 2, in <module>
    from airflow.providers.standard.operators.python import PythonOperator
ModuleNotFoundError: No module named 'airflow.providers.standard'
No viable dags retrieved from /opt/airflow/dags/airflow_lab2.py
Processing /opt/airflow/dags/airflow_lab2.py took 0.023 seconds
Started process (PID=301) to work on /opt/airflow/dags/airflow_lab2.py
Processing file /opt/airflow/dags/airflow_lab2.py for tasks to queue
Filling up the DagBag from /opt/airflow/dags/airflow_lab2.py
Failed to import: /opt/airflow/dags/airflow_lab2.py
Traceback (most recent call last):
  File "/home/airflow/.local/lib/python3.8/site-packages/airflow/models/dagbag.py", line 346, in parse
    loader.exec_module(new_module)
  File "<frozen importlib._bootstrap_external>", line 843, in exec_module
  File "<frozen importlib._bootstrap>", line 219, in _call_with_frames_removed
  File "/opt/airflow/dags/airflow_lab2.py", line 2, in <module>
    from airflow.providers.standard.operators.python import PythonOperator
ModuleNotFoundError: No module named 'airflow.providers.standard'
No viable dags retrieved from /opt/airflow/dags/airflow_lab2.py
Processing /opt/airflow/dags/airflow_lab2.py took 0.028 seconds
Started process (PID=306) to work on /opt/airflow/dags/airflow_lab2.py
Processing file /opt/airflow/dags/airflow_lab2.py for tasks to queue
Filling up the DagBag from /opt/airflow/dags/airflow_lab2.py
Failed to import: /opt/airflow/dags/airflow_lab2.py
Traceback (most recent call last):
  File "/home/airflow/.local/lib/python3.8/site-packages/airflow/models/dagbag.py", line 346, in parse
    loader.exec_module(new_module)
  File "<frozen importlib._bootstrap_external>", line 843, in exec_module
  File "<frozen importlib._bootstrap>", line 219, in _call_with_frames_removed
  File "/opt/airflow/dags/airflow_lab2.py", line 2, in <module>
    from airflow.providers.standard.operators.python import PythonOperator
ModuleNotFoundError: No module named 'airflow.providers.standard'
No viable dags retrieved from /opt/airflow/dags/airflow_lab2.py
Processing /opt/airflow/dags/airflow_lab2.py took 0.021 seconds
Started process (PID=311) to work on /opt/airflow/dags/airflow_lab2.py
Processing file /opt/airflow/dags/airflow_lab2.py for tasks to queue
Filling up the DagBag from /opt/airflow/dags/airflow_lab2.py
Failed to import: /opt/airflow/dags/airflow_lab2.py
Traceback (most recent call last):
  File "/home/airflow/.local/lib/python3.8/site-packages/airflow/models/dagbag.py", line 346, in parse
    loader.exec_module(new_module)
  File "<frozen importlib._bootstrap_external>", line 843, in exec_module
  File "<frozen importlib._bootstrap>", line 219, in _call_with_frames_removed
  File "/opt/airflow/dags/airflow_lab2.py", line 2, in <module>
    from airflow.providers.standard.operators.python import PythonOperator
ModuleNotFoundError: No module named 'airflow.providers.standard'
No viable dags retrieved from /opt/airflow/dags/airflow_lab2.py
Processing /opt/airflow/dags/airflow_lab2.py took 0.029 seconds
Started process (PID=316) to work on /opt/airflow/dags/airflow_lab2.py
Processing file /opt/airflow/dags/airflow_lab2.py for tasks to queue
Filling up the DagBag from /opt/airflow/dags/airflow_lab2.py
Failed to import: /opt/airflow/dags/airflow_lab2.py
Traceback (most recent call last):
  File "/home/airflow/.local/lib/python3.8/site-packages/airflow/models/dagbag.py", line 346, in parse
    loader.exec_module(new_module)
  File "<frozen importlib._bootstrap_external>", line 843, in exec_module
  File "<frozen importlib._bootstrap>", line 219, in _call_with_frames_removed
  File "/opt/airflow/dags/airflow_lab2.py", line 2, in <module>
    from airflow.providers.standard.operators.python import PythonOperator
ModuleNotFoundError: No module named 'airflow.providers.standard'
No viable dags retrieved from /opt/airflow/dags/airflow_lab2.py
Processing /opt/airflow/dags/airflow_lab2.py took 0.045 seconds
Started process (PID=321) to work on /opt/airflow/dags/airflow_lab2.py
Processing file /opt/airflow/dags/airflow_lab2.py for tasks to queue
Filling up the DagBag from /opt/airflow/dags/airflow_lab2.py
Failed to import: /opt/airflow/dags/airflow_lab2.py
Traceback (most recent call last):
  File "/home/airflow/.local/lib/python3.8/site-packages/airflow/models/dagbag.py", line 346, in parse
    loader.exec_module(new_module)
  File "<frozen importlib._bootstrap_external>", line 843, in exec_module
  File "<frozen importlib._bootstrap>", line 219, in _call_with_frames_removed
  File "/opt/airflow/dags/airflow_lab2.py", line 2, in <module>
    from airflow.providers.standard.operators.python import PythonOperator
ModuleNotFoundError: No module named 'airflow.providers.standard'
No viable dags retrieved from /opt/airflow/dags/airflow_lab2.py
Processing /opt/airflow/dags/airflow_lab2.py took 0.036 seconds
Started process (PID=326) to work on /opt/airflow/dags/airflow_lab2.py
Processing file /opt/airflow/dags/airflow_lab2.py for tasks to queue
Filling up the DagBag from /opt/airflow/dags/airflow_lab2.py
Failed to import: /opt/airflow/dags/airflow_lab2.py
Traceback (most recent call last):
  File "/home/airflow/.local/lib/python3.8/site-packages/airflow/models/dagbag.py", line 346, in parse
    loader.exec_module(new_module)
  File "<frozen importlib._bootstrap_external>", line 843, in exec_module
  File "<frozen importlib._bootstrap>", line 219, in _call_with_frames_removed
  File "/opt/airflow/dags/airflow_lab2.py", line 2, in <module>
    from airflow.providers.standard.operators.python import PythonOperator
ModuleNotFoundError: No module named 'airflow.providers.standard'
No viable dags retrieved from /opt/airflow/dags/airflow_lab2.py
Processing /opt/airflow/dags/airflow_lab2.py took 0.034 seconds
Started process (PID=331) to work on /opt/airflow/dags/airflow_lab2.py
Processing file /opt/airflow/dags/airflow_lab2.py for tasks to queue
Filling up the DagBag from /opt/airflow/dags/airflow_lab2.py
Failed to import: /opt/airflow/dags/airflow_lab2.py
Traceback (most recent call last):
  File "/home/airflow/.local/lib/python3.8/site-packages/airflow/models/dagbag.py", line 346, in parse
    loader.exec_module(new_module)
  File "<frozen importlib._bootstrap_external>", line 843, in exec_module
  File "<frozen importlib._bootstrap>", line 219, in _call_with_frames_removed
  File "/opt/airflow/dags/airflow_lab2.py", line 2, in <module>
    from airflow.providers.standard.operators.python import PythonOperator
ModuleNotFoundError: No module named 'airflow.providers.standard'
No viable dags retrieved from /opt/airflow/dags/airflow_lab2.py
Processing /opt/airflow/dags/airflow_lab2.py took 0.040 seconds
Started process (PID=336) to work on /opt/airflow/dags/airflow_lab2.py
Processing file /opt/airflow/dags/airflow_lab2.py for tasks to queue
Filling up the DagBag from /opt/airflow/dags/airflow_lab2.py
Failed to import: /opt/airflow/dags/airflow_lab2.py
Traceback (most recent call last):
  File "/home/airflow/.local/lib/python3.8/site-packages/airflow/models/dagbag.py", line 346, in parse
    loader.exec_module(new_module)
  File "<frozen importlib._bootstrap_external>", line 843, in exec_module
  File "<frozen importlib._bootstrap>", line 219, in _call_with_frames_removed
  File "/opt/airflow/dags/airflow_lab2.py", line 2, in <module>
    from airflow.providers.standard.operators.python import PythonOperator
ModuleNotFoundError: No module named 'airflow.providers.standard'
No viable dags retrieved from /opt/airflow/dags/airflow_lab2.py
Processing /opt/airflow/dags/airflow_lab2.py took 0.028 seconds
Started process (PID=341) to work on /opt/airflow/dags/airflow_lab2.py
Processing file /opt/airflow/dags/airflow_lab2.py for tasks to queue
Filling up the DagBag from /opt/airflow/dags/airflow_lab2.py
Failed to import: /opt/airflow/dags/airflow_lab2.py
Traceback (most recent call last):
  File "/home/airflow/.local/lib/python3.8/site-packages/airflow/models/dagbag.py", line 346, in parse
    loader.exec_module(new_module)
  File "<frozen importlib._bootstrap_external>", line 843, in exec_module
  File "<frozen importlib._bootstrap>", line 219, in _call_with_frames_removed
  File "/opt/airflow/dags/airflow_lab2.py", line 2, in <module>
    from airflow.providers.standard.operators.python import PythonOperator
ModuleNotFoundError: No module named 'airflow.providers.standard'
No viable dags retrieved from /opt/airflow/dags/airflow_lab2.py
Processing /opt/airflow/dags/airflow_lab2.py took 0.049 seconds
Started process (PID=346) to work on /opt/airflow/dags/airflow_lab2.py
Processing file /opt/airflow/dags/airflow_lab2.py for tasks to queue
Filling up the DagBag from /opt/airflow/dags/airflow_lab2.py
Failed to import: /opt/airflow/dags/airflow_lab2.py
Traceback (most recent call last):
  File "/home/airflow/.local/lib/python3.8/site-packages/airflow/models/dagbag.py", line 346, in parse
    loader.exec_module(new_module)
  File "<frozen importlib._bootstrap_external>", line 843, in exec_module
  File "<frozen importlib._bootstrap>", line 219, in _call_with_frames_removed
  File "/opt/airflow/dags/airflow_lab2.py", line 2, in <module>
    from airflow.providers.standard.operators.python import PythonOperator
ModuleNotFoundError: No module named 'airflow.providers.standard'
No viable dags retrieved from /opt/airflow/dags/airflow_lab2.py
Processing /opt/airflow/dags/airflow_lab2.py took 0.032 seconds
Started process (PID=351) to work on /opt/airflow/dags/airflow_lab2.py
Processing file /opt/airflow/dags/airflow_lab2.py for tasks to queue
Filling up the DagBag from /opt/airflow/dags/airflow_lab2.py
Failed to import: /opt/airflow/dags/airflow_lab2.py
Traceback (most recent call last):
  File "/home/airflow/.local/lib/python3.8/site-packages/airflow/models/dagbag.py", line 346, in parse
    loader.exec_module(new_module)
  File "<frozen importlib._bootstrap_external>", line 843, in exec_module
  File "<frozen importlib._bootstrap>", line 219, in _call_with_frames_removed
  File "/opt/airflow/dags/airflow_lab2.py", line 2, in <module>
    from airflow.providers.standard.operators.python import PythonOperator
ModuleNotFoundError: No module named 'airflow.providers.standard'
No viable dags retrieved from /opt/airflow/dags/airflow_lab2.py
Processing /opt/airflow/dags/airflow_lab2.py took 0.025 seconds
Started process (PID=356) to work on /opt/airflow/dags/airflow_lab2.py
Processing file /opt/airflow/dags/airflow_lab2.py for tasks to queue
Filling up the DagBag from /opt/airflow/dags/airflow_lab2.py
Failed to import: /opt/airflow/dags/airflow_lab2.py
Traceback (most recent call last):
  File "/home/airflow/.local/lib/python3.8/site-packages/airflow/models/dagbag.py", line 346, in parse
    loader.exec_module(new_module)
  File "<frozen importlib._bootstrap_external>", line 843, in exec_module
  File "<frozen importlib._bootstrap>", line 219, in _call_with_frames_removed
  File "/opt/airflow/dags/airflow_lab2.py", line 2, in <module>
    from airflow.providers.standard.operators.python import PythonOperator
ModuleNotFoundError: No module named 'airflow.providers.standard'
No viable dags retrieved from /opt/airflow/dags/airflow_lab2.py
Processing /opt/airflow/dags/airflow_lab2.py took 0.027 seconds
Started process (PID=361) to work on /opt/airflow/dags/airflow_lab2.py
Processing file /opt/airflow/dags/airflow_lab2.py for tasks to queue
Filling up the DagBag from /opt/airflow/dags/airflow_lab2.py
Failed to import: /opt/airflow/dags/airflow_lab2.py
Traceback (most recent call last):
  File "/home/airflow/.local/lib/python3.8/site-packages/airflow/models/dagbag.py", line 346, in parse
    loader.exec_module(new_module)
  File "<frozen importlib._bootstrap_external>", line 843, in exec_module
  File "<frozen importlib._bootstrap>", line 219, in _call_with_frames_removed
  File "/opt/airflow/dags/airflow_lab2.py", line 2, in <module>
    from airflow.providers.standard.operators.python import PythonOperator
ModuleNotFoundError: No module named 'airflow.providers.standard'
No viable dags retrieved from /opt/airflow/dags/airflow_lab2.py
Processing /opt/airflow/dags/airflow_lab2.py took 0.024 seconds
Started process (PID=366) to work on /opt/airflow/dags/airflow_lab2.py
Processing file /opt/airflow/dags/airflow_lab2.py for tasks to queue
Filling up the DagBag from /opt/airflow/dags/airflow_lab2.py
Failed to import: /opt/airflow/dags/airflow_lab2.py
Traceback (most recent call last):
  File "/home/airflow/.local/lib/python3.8/site-packages/airflow/models/dagbag.py", line 346, in parse
    loader.exec_module(new_module)
  File "<frozen importlib._bootstrap_external>", line 843, in exec_module
  File "<frozen importlib._bootstrap>", line 219, in _call_with_frames_removed
  File "/opt/airflow/dags/airflow_lab2.py", line 2, in <module>
    from airflow.providers.standard.operators.python import PythonOperator
ModuleNotFoundError: No module named 'airflow.providers.standard'
No viable dags retrieved from /opt/airflow/dags/airflow_lab2.py
Processing /opt/airflow/dags/airflow_lab2.py took 0.017 seconds
Started process (PID=371) to work on /opt/airflow/dags/airflow_lab2.py
Processing file /opt/airflow/dags/airflow_lab2.py for tasks to queue
Filling up the DagBag from /opt/airflow/dags/airflow_lab2.py
Failed to import: /opt/airflow/dags/airflow_lab2.py
Traceback (most recent call last):
  File "/home/airflow/.local/lib/python3.8/site-packages/airflow/models/dagbag.py", line 346, in parse
    loader.exec_module(new_module)
  File "<frozen importlib._bootstrap_external>", line 843, in exec_module
  File "<frozen importlib._bootstrap>", line 219, in _call_with_frames_removed
  File "/opt/airflow/dags/airflow_lab2.py", line 2, in <module>
    from airflow.providers.standard.operators.python import PythonOperator
ModuleNotFoundError: No module named 'airflow.providers.standard'
No viable dags retrieved from /opt/airflow/dags/airflow_lab2.py
Processing /opt/airflow/dags/airflow_lab2.py took 0.027 seconds
Started process (PID=376) to work on /opt/airflow/dags/airflow_lab2.py
Processing file /opt/airflow/dags/airflow_lab2.py for tasks to queue
Filling up the DagBag from /opt/airflow/dags/airflow_lab2.py
Failed to import: /opt/airflow/dags/airflow_lab2.py
Traceback (most recent call last):
  File "/home/airflow/.local/lib/python3.8/site-packages/airflow/models/dagbag.py", line 346, in parse
    loader.exec_module(new_module)
  File "<frozen importlib._bootstrap_external>", line 843, in exec_module
  File "<frozen importlib._bootstrap>", line 219, in _call_with_frames_removed
  File "/opt/airflow/dags/airflow_lab2.py", line 2, in <module>
    from airflow.providers.standard.operators.python import PythonOperator
ModuleNotFoundError: No module named 'airflow.providers.standard'
No viable dags retrieved from /opt/airflow/dags/airflow_lab2.py
Processing /opt/airflow/dags/airflow_lab2.py took 0.029 seconds
Started process (PID=381) to work on /opt/airflow/dags/airflow_lab2.py
Processing file /opt/airflow/dags/airflow_lab2.py for tasks to queue
Filling up the DagBag from /opt/airflow/dags/airflow_lab2.py
Failed to import: /opt/airflow/dags/airflow_lab2.py
Traceback (most recent call last):
  File "/home/airflow/.local/lib/python3.8/site-packages/airflow/models/dagbag.py", line 346, in parse
    loader.exec_module(new_module)
  File "<frozen importlib._bootstrap_external>", line 843, in exec_module
  File "<frozen importlib._bootstrap>", line 219, in _call_with_frames_removed
  File "/opt/airflow/dags/airflow_lab2.py", line 2, in <module>
    from airflow.providers.standard.operators.python import PythonOperator
ModuleNotFoundError: No module named 'airflow.providers.standard'
No viable dags retrieved from /opt/airflow/dags/airflow_lab2.py
Processing /opt/airflow/dags/airflow_lab2.py took 0.027 seconds
Started process (PID=386) to work on /opt/airflow/dags/airflow_lab2.py
Processing file /opt/airflow/dags/airflow_lab2.py for tasks to queue
Filling up the DagBag from /opt/airflow/dags/airflow_lab2.py
Failed to import: /opt/airflow/dags/airflow_lab2.py
Traceback (most recent call last):
  File "/home/airflow/.local/lib/python3.8/site-packages/airflow/models/dagbag.py", line 346, in parse
    loader.exec_module(new_module)
  File "<frozen importlib._bootstrap_external>", line 843, in exec_module
  File "<frozen importlib._bootstrap>", line 219, in _call_with_frames_removed
  File "/opt/airflow/dags/airflow_lab2.py", line 2, in <module>
    from airflow.providers.standard.operators.python import PythonOperator
ModuleNotFoundError: No module named 'airflow.providers.standard'
No viable dags retrieved from /opt/airflow/dags/airflow_lab2.py
Processing /opt/airflow/dags/airflow_lab2.py took 0.020 seconds
Started process (PID=391) to work on /opt/airflow/dags/airflow_lab2.py
Processing file /opt/airflow/dags/airflow_lab2.py for tasks to queue
Filling up the DagBag from /opt/airflow/dags/airflow_lab2.py
Failed to import: /opt/airflow/dags/airflow_lab2.py
Traceback (most recent call last):
  File "/home/airflow/.local/lib/python3.8/site-packages/airflow/models/dagbag.py", line 346, in parse
    loader.exec_module(new_module)
  File "<frozen importlib._bootstrap_external>", line 843, in exec_module
  File "<frozen importlib._bootstrap>", line 219, in _call_with_frames_removed
  File "/opt/airflow/dags/airflow_lab2.py", line 2, in <module>
    from airflow.providers.standard.operators.python import PythonOperator
ModuleNotFoundError: No module named 'airflow.providers.standard'
No viable dags retrieved from /opt/airflow/dags/airflow_lab2.py
Processing /opt/airflow/dags/airflow_lab2.py took 0.025 seconds
Started process (PID=396) to work on /opt/airflow/dags/airflow_lab2.py
Processing file /opt/airflow/dags/airflow_lab2.py for tasks to queue
Filling up the DagBag from /opt/airflow/dags/airflow_lab2.py
Failed to import: /opt/airflow/dags/airflow_lab2.py
Traceback (most recent call last):
  File "/home/airflow/.local/lib/python3.8/site-packages/airflow/models/dagbag.py", line 346, in parse
    loader.exec_module(new_module)
  File "<frozen importlib._bootstrap_external>", line 843, in exec_module
  File "<frozen importlib._bootstrap>", line 219, in _call_with_frames_removed
  File "/opt/airflow/dags/airflow_lab2.py", line 2, in <module>
    from airflow.providers.standard.operators.python import PythonOperator
ModuleNotFoundError: No module named 'airflow.providers.standard'
No viable dags retrieved from /opt/airflow/dags/airflow_lab2.py
Processing /opt/airflow/dags/airflow_lab2.py took 0.022 seconds
Started process (PID=401) to work on /opt/airflow/dags/airflow_lab2.py
Processing file /opt/airflow/dags/airflow_lab2.py for tasks to queue
Filling up the DagBag from /opt/airflow/dags/airflow_lab2.py
Failed to import: /opt/airflow/dags/airflow_lab2.py
Traceback (most recent call last):
  File "/home/airflow/.local/lib/python3.8/site-packages/airflow/models/dagbag.py", line 346, in parse
    loader.exec_module(new_module)
  File "<frozen importlib._bootstrap_external>", line 843, in exec_module
  File "<frozen importlib._bootstrap>", line 219, in _call_with_frames_removed
  File "/opt/airflow/dags/airflow_lab2.py", line 2, in <module>
    from airflow.providers.standard.operators.python import PythonOperator
ModuleNotFoundError: No module named 'airflow.providers.standard'
No viable dags retrieved from /opt/airflow/dags/airflow_lab2.py
Processing /opt/airflow/dags/airflow_lab2.py took 0.016 seconds
Started process (PID=406) to work on /opt/airflow/dags/airflow_lab2.py
Processing file /opt/airflow/dags/airflow_lab2.py for tasks to queue
Filling up the DagBag from /opt/airflow/dags/airflow_lab2.py
Failed to import: /opt/airflow/dags/airflow_lab2.py
Traceback (most recent call last):
  File "/home/airflow/.local/lib/python3.8/site-packages/airflow/models/dagbag.py", line 346, in parse
    loader.exec_module(new_module)
  File "<frozen importlib._bootstrap_external>", line 843, in exec_module
  File "<frozen importlib._bootstrap>", line 219, in _call_with_frames_removed
  File "/opt/airflow/dags/airflow_lab2.py", line 2, in <module>
    from airflow.providers.standard.operators.python import PythonOperator
ModuleNotFoundError: No module named 'airflow.providers.standard'
No viable dags retrieved from /opt/airflow/dags/airflow_lab2.py
Processing /opt/airflow/dags/airflow_lab2.py took 0.023 seconds
Started process (PID=411) to work on /opt/airflow/dags/airflow_lab2.py
Processing file /opt/airflow/dags/airflow_lab2.py for tasks to queue
Filling up the DagBag from /opt/airflow/dags/airflow_lab2.py
Failed to import: /opt/airflow/dags/airflow_lab2.py
Traceback (most recent call last):
  File "/home/airflow/.local/lib/python3.8/site-packages/airflow/models/dagbag.py", line 346, in parse
    loader.exec_module(new_module)
  File "<frozen importlib._bootstrap_external>", line 843, in exec_module
  File "<frozen importlib._bootstrap>", line 219, in _call_with_frames_removed
  File "/opt/airflow/dags/airflow_lab2.py", line 2, in <module>
    from airflow.providers.standard.operators.python import PythonOperator
ModuleNotFoundError: No module named 'airflow.providers.standard'
No viable dags retrieved from /opt/airflow/dags/airflow_lab2.py
Processing /opt/airflow/dags/airflow_lab2.py took 0.021 seconds
Started process (PID=416) to work on /opt/airflow/dags/airflow_lab2.py
Processing file /opt/airflow/dags/airflow_lab2.py for tasks to queue
Filling up the DagBag from /opt/airflow/dags/airflow_lab2.py
Failed to import: /opt/airflow/dags/airflow_lab2.py
Traceback (most recent call last):
  File "/home/airflow/.local/lib/python3.8/site-packages/airflow/models/dagbag.py", line 346, in parse
    loader.exec_module(new_module)
  File "<frozen importlib._bootstrap_external>", line 843, in exec_module
  File "<frozen importlib._bootstrap>", line 219, in _call_with_frames_removed
  File "/opt/airflow/dags/airflow_lab2.py", line 2, in <module>
    from airflow.providers.standard.operators.python import PythonOperator
ModuleNotFoundError: No module named 'airflow.providers.standard'
No viable dags retrieved from /opt/airflow/dags/airflow_lab2.py
Processing /opt/airflow/dags/airflow_lab2.py took 0.019 seconds
Started process (PID=421) to work on /opt/airflow/dags/airflow_lab2.py
Processing file /opt/airflow/dags/airflow_lab2.py for tasks to queue
Filling up the DagBag from /opt/airflow/dags/airflow_lab2.py
Failed to import: /opt/airflow/dags/airflow_lab2.py
Traceback (most recent call last):
  File "/home/airflow/.local/lib/python3.8/site-packages/airflow/models/dagbag.py", line 346, in parse
    loader.exec_module(new_module)
  File "<frozen importlib._bootstrap_external>", line 843, in exec_module
  File "<frozen importlib._bootstrap>", line 219, in _call_with_frames_removed
  File "/opt/airflow/dags/airflow_lab2.py", line 2, in <module>
    from airflow.providers.standard.operators.python import PythonOperator
ModuleNotFoundError: No module named 'airflow.providers.standard'
No viable dags retrieved from /opt/airflow/dags/airflow_lab2.py
Processing /opt/airflow/dags/airflow_lab2.py took 0.026 seconds
Started process (PID=426) to work on /opt/airflow/dags/airflow_lab2.py
Processing file /opt/airflow/dags/airflow_lab2.py for tasks to queue
Filling up the DagBag from /opt/airflow/dags/airflow_lab2.py
Failed to import: /opt/airflow/dags/airflow_lab2.py
Traceback (most recent call last):
  File "/home/airflow/.local/lib/python3.8/site-packages/airflow/models/dagbag.py", line 346, in parse
    loader.exec_module(new_module)
  File "<frozen importlib._bootstrap_external>", line 843, in exec_module
  File "<frozen importlib._bootstrap>", line 219, in _call_with_frames_removed
  File "/opt/airflow/dags/airflow_lab2.py", line 2, in <module>
    from airflow.providers.standard.operators.python import PythonOperator
ModuleNotFoundError: No module named 'airflow.providers.standard'
No viable dags retrieved from /opt/airflow/dags/airflow_lab2.py
Processing /opt/airflow/dags/airflow_lab2.py took 0.047 seconds
[2026-02-10T02:29:35.460+0000] {processor.py:161} INFO - Started process (PID=180) to work on /opt/airflow/dags/airflow_lab2.py
[2026-02-10T02:29:35.462+0000] {processor.py:830} INFO - Processing file /opt/airflow/dags/airflow_lab2.py for tasks to queue
[2026-02-10T02:29:35.462+0000] {logging_mixin.py:188} INFO - [2026-02-10T02:29:35.462+0000] {dagbag.py:540} INFO - Filling up the DagBag from /opt/airflow/dags/airflow_lab2.py
[2026-02-10T02:29:35.468+0000] {logging_mixin.py:188} INFO - [2026-02-10T02:29:35.467+0000] {dagbag.py:350} ERROR - Failed to import: /opt/airflow/dags/airflow_lab2.py
Traceback (most recent call last):
  File "/home/airflow/.local/lib/python3.8/site-packages/airflow/models/dagbag.py", line 346, in parse
    loader.exec_module(new_module)
  File "<frozen importlib._bootstrap_external>", line 843, in exec_module
  File "<frozen importlib._bootstrap>", line 219, in _call_with_frames_removed
  File "/opt/airflow/dags/airflow_lab2.py", line 2, in <module>
    from airflow.providers.standard.operators.python import PythonOperator
ModuleNotFoundError: No module named 'airflow.providers.standard'
[2026-02-10T02:29:35.468+0000] {processor.py:842} WARNING - No viable dags retrieved from /opt/airflow/dags/airflow_lab2.py
[2026-02-10T02:29:35.485+0000] {processor.py:183} INFO - Processing /opt/airflow/dags/airflow_lab2.py took 0.028 seconds
[2026-02-10T02:30:05.863+0000] {processor.py:161} INFO - Started process (PID=205) to work on /opt/airflow/dags/airflow_lab2.py
[2026-02-10T02:30:05.864+0000] {processor.py:830} INFO - Processing file /opt/airflow/dags/airflow_lab2.py for tasks to queue
[2026-02-10T02:30:05.868+0000] {logging_mixin.py:188} INFO - [2026-02-10T02:30:05.866+0000] {dagbag.py:540} INFO - Filling up the DagBag from /opt/airflow/dags/airflow_lab2.py
[2026-02-10T02:30:05.876+0000] {logging_mixin.py:188} INFO - [2026-02-10T02:30:05.875+0000] {dagbag.py:350} ERROR - Failed to import: /opt/airflow/dags/airflow_lab2.py
Traceback (most recent call last):
  File "/home/airflow/.local/lib/python3.8/site-packages/airflow/models/dagbag.py", line 346, in parse
    loader.exec_module(new_module)
  File "<frozen importlib._bootstrap_external>", line 843, in exec_module
  File "<frozen importlib._bootstrap>", line 219, in _call_with_frames_removed
  File "/opt/airflow/dags/airflow_lab2.py", line 2, in <module>
    from airflow.providers.standard.operators.python import PythonOperator
ModuleNotFoundError: No module named 'airflow.providers.standard'
[2026-02-10T02:30:05.876+0000] {processor.py:842} WARNING - No viable dags retrieved from /opt/airflow/dags/airflow_lab2.py
[2026-02-10T02:30:05.907+0000] {processor.py:183} INFO - Processing /opt/airflow/dags/airflow_lab2.py took 0.079 seconds
[2026-02-10T02:30:36.233+0000] {processor.py:161} INFO - Started process (PID=212) to work on /opt/airflow/dags/airflow_lab2.py
[2026-02-10T02:30:36.233+0000] {processor.py:830} INFO - Processing file /opt/airflow/dags/airflow_lab2.py for tasks to queue
[2026-02-10T02:30:36.234+0000] {logging_mixin.py:188} INFO - [2026-02-10T02:30:36.234+0000] {dagbag.py:540} INFO - Filling up the DagBag from /opt/airflow/dags/airflow_lab2.py
[2026-02-10T02:30:36.245+0000] {logging_mixin.py:188} INFO - [2026-02-10T02:30:36.242+0000] {dagbag.py:350} ERROR - Failed to import: /opt/airflow/dags/airflow_lab2.py
Traceback (most recent call last):
  File "/home/airflow/.local/lib/python3.8/site-packages/airflow/models/dagbag.py", line 346, in parse
    loader.exec_module(new_module)
  File "<frozen importlib._bootstrap_external>", line 843, in exec_module
  File "<frozen importlib._bootstrap>", line 219, in _call_with_frames_removed
  File "/opt/airflow/dags/airflow_lab2.py", line 2, in <module>
    from airflow.providers.standard.operators.python import PythonOperator
ModuleNotFoundError: No module named 'airflow.providers.standard'
[2026-02-10T02:30:36.246+0000] {processor.py:842} WARNING - No viable dags retrieved from /opt/airflow/dags/airflow_lab2.py
[2026-02-10T02:30:36.279+0000] {processor.py:183} INFO - Processing /opt/airflow/dags/airflow_lab2.py took 0.051 seconds
[2026-02-10T02:31:06.547+0000] {processor.py:161} INFO - Started process (PID=217) to work on /opt/airflow/dags/airflow_lab2.py
[2026-02-10T02:31:06.548+0000] {processor.py:830} INFO - Processing file /opt/airflow/dags/airflow_lab2.py for tasks to queue
[2026-02-10T02:31:06.549+0000] {logging_mixin.py:188} INFO - [2026-02-10T02:31:06.549+0000] {dagbag.py:540} INFO - Filling up the DagBag from /opt/airflow/dags/airflow_lab2.py
[2026-02-10T02:31:06.560+0000] {logging_mixin.py:188} INFO - [2026-02-10T02:31:06.554+0000] {dagbag.py:350} ERROR - Failed to import: /opt/airflow/dags/airflow_lab2.py
Traceback (most recent call last):
  File "/home/airflow/.local/lib/python3.8/site-packages/airflow/models/dagbag.py", line 346, in parse
    loader.exec_module(new_module)
  File "<frozen importlib._bootstrap_external>", line 843, in exec_module
  File "<frozen importlib._bootstrap>", line 219, in _call_with_frames_removed
  File "/opt/airflow/dags/airflow_lab2.py", line 2, in <module>
    from airflow.providers.standard.operators.python import PythonOperator
ModuleNotFoundError: No module named 'airflow.providers.standard'
[2026-02-10T02:31:06.560+0000] {processor.py:842} WARNING - No viable dags retrieved from /opt/airflow/dags/airflow_lab2.py
[2026-02-10T02:31:06.581+0000] {processor.py:183} INFO - Processing /opt/airflow/dags/airflow_lab2.py took 0.040 seconds
[2026-02-10T02:31:36.876+0000] {processor.py:161} INFO - Started process (PID=239) to work on /opt/airflow/dags/airflow_lab2.py
[2026-02-10T02:31:36.877+0000] {processor.py:830} INFO - Processing file /opt/airflow/dags/airflow_lab2.py for tasks to queue
[2026-02-10T02:31:36.878+0000] {logging_mixin.py:188} INFO - [2026-02-10T02:31:36.878+0000] {dagbag.py:540} INFO - Filling up the DagBag from /opt/airflow/dags/airflow_lab2.py
[2026-02-10T02:31:36.893+0000] {logging_mixin.py:188} INFO - [2026-02-10T02:31:36.891+0000] {dagbag.py:350} ERROR - Failed to import: /opt/airflow/dags/airflow_lab2.py
Traceback (most recent call last):
  File "/home/airflow/.local/lib/python3.8/site-packages/airflow/models/dagbag.py", line 346, in parse
    loader.exec_module(new_module)
  File "<frozen importlib._bootstrap_external>", line 843, in exec_module
  File "<frozen importlib._bootstrap>", line 219, in _call_with_frames_removed
  File "/opt/airflow/dags/airflow_lab2.py", line 2, in <module>
    from airflow.providers.standard.operators.python import PythonOperator
ModuleNotFoundError: No module named 'airflow.providers.standard'
[2026-02-10T02:31:36.894+0000] {processor.py:842} WARNING - No viable dags retrieved from /opt/airflow/dags/airflow_lab2.py
[2026-02-10T02:31:36.919+0000] {processor.py:183} INFO - Processing /opt/airflow/dags/airflow_lab2.py took 0.047 seconds
[2026-02-10T02:32:07.224+0000] {processor.py:161} INFO - Started process (PID=244) to work on /opt/airflow/dags/airflow_lab2.py
[2026-02-10T02:32:07.225+0000] {processor.py:830} INFO - Processing file /opt/airflow/dags/airflow_lab2.py for tasks to queue
[2026-02-10T02:32:07.226+0000] {logging_mixin.py:188} INFO - [2026-02-10T02:32:07.226+0000] {dagbag.py:540} INFO - Filling up the DagBag from /opt/airflow/dags/airflow_lab2.py
[2026-02-10T02:32:07.231+0000] {logging_mixin.py:188} INFO - [2026-02-10T02:32:07.230+0000] {dagbag.py:350} ERROR - Failed to import: /opt/airflow/dags/airflow_lab2.py
Traceback (most recent call last):
  File "/home/airflow/.local/lib/python3.8/site-packages/airflow/models/dagbag.py", line 346, in parse
    loader.exec_module(new_module)
  File "<frozen importlib._bootstrap_external>", line 843, in exec_module
  File "<frozen importlib._bootstrap>", line 219, in _call_with_frames_removed
  File "/opt/airflow/dags/airflow_lab2.py", line 2, in <module>
    from airflow.providers.standard.operators.python import PythonOperator
ModuleNotFoundError: No module named 'airflow.providers.standard'
[2026-02-10T02:32:07.232+0000] {processor.py:842} WARNING - No viable dags retrieved from /opt/airflow/dags/airflow_lab2.py
[2026-02-10T02:32:07.251+0000] {processor.py:183} INFO - Processing /opt/airflow/dags/airflow_lab2.py took 0.040 seconds
[2026-02-10T02:32:37.590+0000] {processor.py:161} INFO - Started process (PID=250) to work on /opt/airflow/dags/airflow_lab2.py
[2026-02-10T02:32:37.590+0000] {processor.py:830} INFO - Processing file /opt/airflow/dags/airflow_lab2.py for tasks to queue
[2026-02-10T02:32:37.591+0000] {logging_mixin.py:188} INFO - [2026-02-10T02:32:37.591+0000] {dagbag.py:540} INFO - Filling up the DagBag from /opt/airflow/dags/airflow_lab2.py
[2026-02-10T02:32:37.595+0000] {logging_mixin.py:188} INFO - [2026-02-10T02:32:37.595+0000] {dagbag.py:350} ERROR - Failed to import: /opt/airflow/dags/airflow_lab2.py
Traceback (most recent call last):
  File "/home/airflow/.local/lib/python3.8/site-packages/airflow/models/dagbag.py", line 346, in parse
    loader.exec_module(new_module)
  File "<frozen importlib._bootstrap_external>", line 843, in exec_module
  File "<frozen importlib._bootstrap>", line 219, in _call_with_frames_removed
  File "/opt/airflow/dags/airflow_lab2.py", line 2, in <module>
    from airflow.providers.standard.operators.python import PythonOperator
ModuleNotFoundError: No module named 'airflow.providers.standard'
[2026-02-10T02:32:37.595+0000] {processor.py:842} WARNING - No viable dags retrieved from /opt/airflow/dags/airflow_lab2.py
[2026-02-10T02:32:37.612+0000] {processor.py:183} INFO - Processing /opt/airflow/dags/airflow_lab2.py took 0.026 seconds
[2026-02-10T02:33:07.909+0000] {processor.py:161} INFO - Started process (PID=255) to work on /opt/airflow/dags/airflow_lab2.py
[2026-02-10T02:33:07.909+0000] {processor.py:830} INFO - Processing file /opt/airflow/dags/airflow_lab2.py for tasks to queue
[2026-02-10T02:33:07.910+0000] {logging_mixin.py:188} INFO - [2026-02-10T02:33:07.910+0000] {dagbag.py:540} INFO - Filling up the DagBag from /opt/airflow/dags/airflow_lab2.py
[2026-02-10T02:33:07.915+0000] {logging_mixin.py:188} INFO - [2026-02-10T02:33:07.914+0000] {dagbag.py:350} ERROR - Failed to import: /opt/airflow/dags/airflow_lab2.py
Traceback (most recent call last):
  File "/home/airflow/.local/lib/python3.8/site-packages/airflow/models/dagbag.py", line 346, in parse
    loader.exec_module(new_module)
  File "<frozen importlib._bootstrap_external>", line 843, in exec_module
  File "<frozen importlib._bootstrap>", line 219, in _call_with_frames_removed
  File "/opt/airflow/dags/airflow_lab2.py", line 2, in <module>
    from airflow.providers.standard.operators.python import PythonOperator
ModuleNotFoundError: No module named 'airflow.providers.standard'
[2026-02-10T02:33:07.915+0000] {processor.py:842} WARNING - No viable dags retrieved from /opt/airflow/dags/airflow_lab2.py
[2026-02-10T02:33:07.933+0000] {processor.py:183} INFO - Processing /opt/airflow/dags/airflow_lab2.py took 0.029 seconds
[2026-02-10T02:33:38.302+0000] {processor.py:161} INFO - Started process (PID=260) to work on /opt/airflow/dags/airflow_lab2.py
[2026-02-10T02:33:38.303+0000] {processor.py:830} INFO - Processing file /opt/airflow/dags/airflow_lab2.py for tasks to queue
[2026-02-10T02:33:38.304+0000] {logging_mixin.py:188} INFO - [2026-02-10T02:33:38.303+0000] {dagbag.py:540} INFO - Filling up the DagBag from /opt/airflow/dags/airflow_lab2.py
[2026-02-10T02:33:38.307+0000] {logging_mixin.py:188} INFO - [2026-02-10T02:33:38.307+0000] {dagbag.py:350} ERROR - Failed to import: /opt/airflow/dags/airflow_lab2.py
Traceback (most recent call last):
  File "/home/airflow/.local/lib/python3.8/site-packages/airflow/models/dagbag.py", line 346, in parse
    loader.exec_module(new_module)
  File "<frozen importlib._bootstrap_external>", line 843, in exec_module
  File "<frozen importlib._bootstrap>", line 219, in _call_with_frames_removed
  File "/opt/airflow/dags/airflow_lab2.py", line 2, in <module>
    from airflow.providers.standard.operators.python import PythonOperator
ModuleNotFoundError: No module named 'airflow.providers.standard'
[2026-02-10T02:33:38.308+0000] {processor.py:842} WARNING - No viable dags retrieved from /opt/airflow/dags/airflow_lab2.py
[2026-02-10T02:33:38.334+0000] {processor.py:183} INFO - Processing /opt/airflow/dags/airflow_lab2.py took 0.036 seconds
[2026-02-10T02:34:08.672+0000] {processor.py:161} INFO - Started process (PID=265) to work on /opt/airflow/dags/airflow_lab2.py
[2026-02-10T02:34:08.673+0000] {processor.py:830} INFO - Processing file /opt/airflow/dags/airflow_lab2.py for tasks to queue
[2026-02-10T02:34:08.674+0000] {logging_mixin.py:188} INFO - [2026-02-10T02:34:08.674+0000] {dagbag.py:540} INFO - Filling up the DagBag from /opt/airflow/dags/airflow_lab2.py
[2026-02-10T02:34:08.691+0000] {logging_mixin.py:188} INFO - [2026-02-10T02:34:08.689+0000] {dagbag.py:350} ERROR - Failed to import: /opt/airflow/dags/airflow_lab2.py
Traceback (most recent call last):
  File "/home/airflow/.local/lib/python3.8/site-packages/airflow/models/dagbag.py", line 346, in parse
    loader.exec_module(new_module)
  File "<frozen importlib._bootstrap_external>", line 843, in exec_module
  File "<frozen importlib._bootstrap>", line 219, in _call_with_frames_removed
  File "/opt/airflow/dags/airflow_lab2.py", line 2, in <module>
    from airflow.providers.standard.operators.python import PythonOperator
ModuleNotFoundError: No module named 'airflow.providers.standard'
[2026-02-10T02:34:08.692+0000] {processor.py:842} WARNING - No viable dags retrieved from /opt/airflow/dags/airflow_lab2.py
[2026-02-10T02:34:08.717+0000] {processor.py:183} INFO - Processing /opt/airflow/dags/airflow_lab2.py took 0.049 seconds
[2026-02-10T02:34:39.079+0000] {processor.py:161} INFO - Started process (PID=270) to work on /opt/airflow/dags/airflow_lab2.py
[2026-02-10T02:34:39.079+0000] {processor.py:830} INFO - Processing file /opt/airflow/dags/airflow_lab2.py for tasks to queue
[2026-02-10T02:34:39.080+0000] {logging_mixin.py:188} INFO - [2026-02-10T02:34:39.080+0000] {dagbag.py:540} INFO - Filling up the DagBag from /opt/airflow/dags/airflow_lab2.py
[2026-02-10T02:34:39.084+0000] {logging_mixin.py:188} INFO - [2026-02-10T02:34:39.084+0000] {dagbag.py:350} ERROR - Failed to import: /opt/airflow/dags/airflow_lab2.py
Traceback (most recent call last):
  File "/home/airflow/.local/lib/python3.8/site-packages/airflow/models/dagbag.py", line 346, in parse
    loader.exec_module(new_module)
  File "<frozen importlib._bootstrap_external>", line 843, in exec_module
  File "<frozen importlib._bootstrap>", line 219, in _call_with_frames_removed
  File "/opt/airflow/dags/airflow_lab2.py", line 2, in <module>
    from airflow.providers.standard.operators.python import PythonOperator
ModuleNotFoundError: No module named 'airflow.providers.standard'
[2026-02-10T02:34:39.084+0000] {processor.py:842} WARNING - No viable dags retrieved from /opt/airflow/dags/airflow_lab2.py
[2026-02-10T02:34:39.107+0000] {processor.py:183} INFO - Processing /opt/airflow/dags/airflow_lab2.py took 0.033 seconds
[2026-02-10T02:35:09.377+0000] {processor.py:161} INFO - Started process (PID=275) to work on /opt/airflow/dags/airflow_lab2.py
[2026-02-10T02:35:09.378+0000] {processor.py:830} INFO - Processing file /opt/airflow/dags/airflow_lab2.py for tasks to queue
[2026-02-10T02:35:09.379+0000] {logging_mixin.py:188} INFO - [2026-02-10T02:35:09.379+0000] {dagbag.py:540} INFO - Filling up the DagBag from /opt/airflow/dags/airflow_lab2.py
[2026-02-10T02:35:09.383+0000] {logging_mixin.py:188} INFO - [2026-02-10T02:35:09.382+0000] {dagbag.py:350} ERROR - Failed to import: /opt/airflow/dags/airflow_lab2.py
Traceback (most recent call last):
  File "/home/airflow/.local/lib/python3.8/site-packages/airflow/models/dagbag.py", line 346, in parse
    loader.exec_module(new_module)
  File "<frozen importlib._bootstrap_external>", line 843, in exec_module
  File "<frozen importlib._bootstrap>", line 219, in _call_with_frames_removed
  File "/opt/airflow/dags/airflow_lab2.py", line 2, in <module>
    from airflow.providers.standard.operators.python import PythonOperator
ModuleNotFoundError: No module named 'airflow.providers.standard'
[2026-02-10T02:35:09.383+0000] {processor.py:842} WARNING - No viable dags retrieved from /opt/airflow/dags/airflow_lab2.py
[2026-02-10T02:35:09.400+0000] {processor.py:183} INFO - Processing /opt/airflow/dags/airflow_lab2.py took 0.026 seconds
[2026-02-10T02:35:39.678+0000] {processor.py:161} INFO - Started process (PID=280) to work on /opt/airflow/dags/airflow_lab2.py
[2026-02-10T02:35:39.682+0000] {processor.py:830} INFO - Processing file /opt/airflow/dags/airflow_lab2.py for tasks to queue
[2026-02-10T02:35:39.687+0000] {logging_mixin.py:188} INFO - [2026-02-10T02:35:39.686+0000] {dagbag.py:540} INFO - Filling up the DagBag from /opt/airflow/dags/airflow_lab2.py
[2026-02-10T02:35:39.700+0000] {logging_mixin.py:188} INFO - [2026-02-10T02:35:39.699+0000] {dagbag.py:350} ERROR - Failed to import: /opt/airflow/dags/airflow_lab2.py
Traceback (most recent call last):
  File "/home/airflow/.local/lib/python3.8/site-packages/airflow/models/dagbag.py", line 346, in parse
    loader.exec_module(new_module)
  File "<frozen importlib._bootstrap_external>", line 843, in exec_module
  File "<frozen importlib._bootstrap>", line 219, in _call_with_frames_removed
  File "/opt/airflow/dags/airflow_lab2.py", line 2, in <module>
    from airflow.providers.standard.operators.python import PythonOperator
ModuleNotFoundError: No module named 'airflow.providers.standard'
[2026-02-10T02:35:39.700+0000] {processor.py:842} WARNING - No viable dags retrieved from /opt/airflow/dags/airflow_lab2.py
[2026-02-10T02:35:39.721+0000] {processor.py:183} INFO - Processing /opt/airflow/dags/airflow_lab2.py took 0.046 seconds
[2026-02-10T02:35:45.882+0000] {processor.py:161} INFO - Started process (PID=285) to work on /opt/airflow/dags/airflow_lab2.py
[2026-02-10T02:35:45.884+0000] {processor.py:830} INFO - Processing file /opt/airflow/dags/airflow_lab2.py for tasks to queue
[2026-02-10T02:35:45.885+0000] {logging_mixin.py:188} INFO - [2026-02-10T02:35:45.884+0000] {dagbag.py:540} INFO - Filling up the DagBag from /opt/airflow/dags/airflow_lab2.py
[2026-02-10T02:35:45.891+0000] {logging_mixin.py:188} INFO - [2026-02-10T02:35:45.890+0000] {dagbag.py:350} ERROR - Failed to import: /opt/airflow/dags/airflow_lab2.py
Traceback (most recent call last):
  File "/home/airflow/.local/lib/python3.8/site-packages/airflow/models/dagbag.py", line 346, in parse
    loader.exec_module(new_module)
  File "<frozen importlib._bootstrap_external>", line 843, in exec_module
  File "<frozen importlib._bootstrap>", line 219, in _call_with_frames_removed
  File "/opt/airflow/dags/airflow_lab2.py", line 8, in <module>
    from Lab2.src.lab import load_data, data_preprocessing, build_save_model, load_model_elbow
ModuleNotFoundError: No module named 'Lab2'
[2026-02-10T02:35:45.891+0000] {processor.py:842} WARNING - No viable dags retrieved from /opt/airflow/dags/airflow_lab2.py
[2026-02-10T02:35:45.917+0000] {processor.py:183} INFO - Processing /opt/airflow/dags/airflow_lab2.py took 0.039 seconds
[2026-02-10T02:36:14.664+0000] {processor.py:161} INFO - Started process (PID=180) to work on /opt/airflow/dags/airflow_lab2.py
[2026-02-10T02:36:14.668+0000] {processor.py:830} INFO - Processing file /opt/airflow/dags/airflow_lab2.py for tasks to queue
[2026-02-10T02:36:14.669+0000] {logging_mixin.py:188} INFO - [2026-02-10T02:36:14.669+0000] {dagbag.py:540} INFO - Filling up the DagBag from /opt/airflow/dags/airflow_lab2.py
[2026-02-10T02:36:14.675+0000] {logging_mixin.py:188} INFO - [2026-02-10T02:36:14.671+0000] {dagbag.py:350} ERROR - Failed to import: /opt/airflow/dags/airflow_lab2.py
Traceback (most recent call last):
  File "/home/airflow/.local/lib/python3.8/site-packages/airflow/models/dagbag.py", line 346, in parse
    loader.exec_module(new_module)
  File "<frozen importlib._bootstrap_external>", line 843, in exec_module
  File "<frozen importlib._bootstrap>", line 219, in _call_with_frames_removed
  File "/opt/airflow/dags/airflow_lab2.py", line 8, in <module>
    from Lab2.src.lab import load_data, data_preprocessing, build_save_model, load_model_elbow
ModuleNotFoundError: No module named 'Lab2'
[2026-02-10T02:36:14.675+0000] {processor.py:842} WARNING - No viable dags retrieved from /opt/airflow/dags/airflow_lab2.py
[2026-02-10T02:36:14.692+0000] {processor.py:183} INFO - Processing /opt/airflow/dags/airflow_lab2.py took 0.031 seconds
[2026-02-10T02:36:44.959+0000] {processor.py:161} INFO - Started process (PID=204) to work on /opt/airflow/dags/airflow_lab2.py
[2026-02-10T02:36:44.959+0000] {processor.py:830} INFO - Processing file /opt/airflow/dags/airflow_lab2.py for tasks to queue
[2026-02-10T02:36:44.961+0000] {logging_mixin.py:188} INFO - [2026-02-10T02:36:44.960+0000] {dagbag.py:540} INFO - Filling up the DagBag from /opt/airflow/dags/airflow_lab2.py
[2026-02-10T02:36:44.978+0000] {logging_mixin.py:188} INFO - [2026-02-10T02:36:44.976+0000] {dagbag.py:350} ERROR - Failed to import: /opt/airflow/dags/airflow_lab2.py
Traceback (most recent call last):
  File "/home/airflow/.local/lib/python3.8/site-packages/airflow/models/dagbag.py", line 346, in parse
    loader.exec_module(new_module)
  File "<frozen importlib._bootstrap_external>", line 843, in exec_module
  File "<frozen importlib._bootstrap>", line 219, in _call_with_frames_removed
  File "/opt/airflow/dags/airflow_lab2.py", line 8, in <module>
    from Lab2.src.lab import load_data, data_preprocessing, build_save_model, load_model_elbow
ModuleNotFoundError: No module named 'Lab2'
[2026-02-10T02:36:44.978+0000] {processor.py:842} WARNING - No viable dags retrieved from /opt/airflow/dags/airflow_lab2.py
[2026-02-10T02:36:44.998+0000] {processor.py:183} INFO - Processing /opt/airflow/dags/airflow_lab2.py took 0.043 seconds
[2026-02-10T02:37:15.274+0000] {processor.py:161} INFO - Started process (PID=209) to work on /opt/airflow/dags/airflow_lab2.py
[2026-02-10T02:37:15.275+0000] {processor.py:830} INFO - Processing file /opt/airflow/dags/airflow_lab2.py for tasks to queue
[2026-02-10T02:37:15.276+0000] {logging_mixin.py:188} INFO - [2026-02-10T02:37:15.275+0000] {dagbag.py:540} INFO - Filling up the DagBag from /opt/airflow/dags/airflow_lab2.py
[2026-02-10T02:37:15.280+0000] {logging_mixin.py:188} INFO - [2026-02-10T02:37:15.279+0000] {dagbag.py:350} ERROR - Failed to import: /opt/airflow/dags/airflow_lab2.py
Traceback (most recent call last):
  File "/home/airflow/.local/lib/python3.8/site-packages/airflow/models/dagbag.py", line 346, in parse
    loader.exec_module(new_module)
  File "<frozen importlib._bootstrap_external>", line 843, in exec_module
  File "<frozen importlib._bootstrap>", line 219, in _call_with_frames_removed
  File "/opt/airflow/dags/airflow_lab2.py", line 8, in <module>
    from Lab2.src.lab import load_data, data_preprocessing, build_save_model, load_model_elbow
ModuleNotFoundError: No module named 'Lab2'
[2026-02-10T02:37:15.280+0000] {processor.py:842} WARNING - No viable dags retrieved from /opt/airflow/dags/airflow_lab2.py
[2026-02-10T02:37:15.298+0000] {processor.py:183} INFO - Processing /opt/airflow/dags/airflow_lab2.py took 0.027 seconds
[2026-02-10T02:37:45.632+0000] {processor.py:161} INFO - Started process (PID=220) to work on /opt/airflow/dags/airflow_lab2.py
[2026-02-10T02:37:45.634+0000] {processor.py:830} INFO - Processing file /opt/airflow/dags/airflow_lab2.py for tasks to queue
[2026-02-10T02:37:45.635+0000] {logging_mixin.py:188} INFO - [2026-02-10T02:37:45.634+0000] {dagbag.py:540} INFO - Filling up the DagBag from /opt/airflow/dags/airflow_lab2.py
[2026-02-10T02:37:45.659+0000] {logging_mixin.py:188} INFO - [2026-02-10T02:37:45.656+0000] {dagbag.py:350} ERROR - Failed to import: /opt/airflow/dags/airflow_lab2.py
Traceback (most recent call last):
  File "/home/airflow/.local/lib/python3.8/site-packages/airflow/models/dagbag.py", line 346, in parse
    loader.exec_module(new_module)
  File "<frozen importlib._bootstrap_external>", line 843, in exec_module
  File "<frozen importlib._bootstrap>", line 219, in _call_with_frames_removed
  File "/opt/airflow/dags/airflow_lab2.py", line 8, in <module>
    from Lab2.src.lab import load_data, data_preprocessing, build_save_model, load_model_elbow
ModuleNotFoundError: No module named 'Lab2'
[2026-02-10T02:37:45.661+0000] {processor.py:842} WARNING - No viable dags retrieved from /opt/airflow/dags/airflow_lab2.py
[2026-02-10T02:37:45.745+0000] {processor.py:183} INFO - Processing /opt/airflow/dags/airflow_lab2.py took 0.117 seconds
[2026-02-10T02:38:15.958+0000] {processor.py:161} INFO - Started process (PID=225) to work on /opt/airflow/dags/airflow_lab2.py
[2026-02-10T02:38:15.959+0000] {processor.py:830} INFO - Processing file /opt/airflow/dags/airflow_lab2.py for tasks to queue
[2026-02-10T02:38:15.960+0000] {logging_mixin.py:188} INFO - [2026-02-10T02:38:15.960+0000] {dagbag.py:540} INFO - Filling up the DagBag from /opt/airflow/dags/airflow_lab2.py
[2026-02-10T02:38:15.967+0000] {logging_mixin.py:188} INFO - [2026-02-10T02:38:15.966+0000] {dagbag.py:350} ERROR - Failed to import: /opt/airflow/dags/airflow_lab2.py
Traceback (most recent call last):
  File "/home/airflow/.local/lib/python3.8/site-packages/airflow/models/dagbag.py", line 346, in parse
    loader.exec_module(new_module)
  File "<frozen importlib._bootstrap_external>", line 843, in exec_module
  File "<frozen importlib._bootstrap>", line 219, in _call_with_frames_removed
  File "/opt/airflow/dags/airflow_lab2.py", line 8, in <module>
    from Lab2.src.lab import load_data, data_preprocessing, build_save_model, load_model_elbow
ModuleNotFoundError: No module named 'Lab2'
[2026-02-10T02:38:15.967+0000] {processor.py:842} WARNING - No viable dags retrieved from /opt/airflow/dags/airflow_lab2.py
[2026-02-10T02:38:16.005+0000] {processor.py:183} INFO - Processing /opt/airflow/dags/airflow_lab2.py took 0.051 seconds
[2026-02-10T02:38:46.332+0000] {processor.py:161} INFO - Started process (PID=230) to work on /opt/airflow/dags/airflow_lab2.py
[2026-02-10T02:38:46.333+0000] {processor.py:830} INFO - Processing file /opt/airflow/dags/airflow_lab2.py for tasks to queue
[2026-02-10T02:38:46.334+0000] {logging_mixin.py:188} INFO - [2026-02-10T02:38:46.334+0000] {dagbag.py:540} INFO - Filling up the DagBag from /opt/airflow/dags/airflow_lab2.py
[2026-02-10T02:38:46.340+0000] {logging_mixin.py:188} INFO - [2026-02-10T02:38:46.339+0000] {dagbag.py:350} ERROR - Failed to import: /opt/airflow/dags/airflow_lab2.py
Traceback (most recent call last):
  File "/home/airflow/.local/lib/python3.8/site-packages/airflow/models/dagbag.py", line 346, in parse
    loader.exec_module(new_module)
  File "<frozen importlib._bootstrap_external>", line 843, in exec_module
  File "<frozen importlib._bootstrap>", line 219, in _call_with_frames_removed
  File "/opt/airflow/dags/airflow_lab2.py", line 8, in <module>
    from Lab2.src.lab import load_data, data_preprocessing, build_save_model, load_model_elbow
ModuleNotFoundError: No module named 'Lab2'
[2026-02-10T02:38:46.340+0000] {processor.py:842} WARNING - No viable dags retrieved from /opt/airflow/dags/airflow_lab2.py
[2026-02-10T02:38:46.366+0000] {processor.py:183} INFO - Processing /opt/airflow/dags/airflow_lab2.py took 0.038 seconds
[2026-02-10T02:39:16.647+0000] {processor.py:161} INFO - Started process (PID=235) to work on /opt/airflow/dags/airflow_lab2.py
[2026-02-10T02:39:16.648+0000] {processor.py:830} INFO - Processing file /opt/airflow/dags/airflow_lab2.py for tasks to queue
[2026-02-10T02:39:16.649+0000] {logging_mixin.py:188} INFO - [2026-02-10T02:39:16.648+0000] {dagbag.py:540} INFO - Filling up the DagBag from /opt/airflow/dags/airflow_lab2.py
[2026-02-10T02:39:16.654+0000] {logging_mixin.py:188} INFO - [2026-02-10T02:39:16.653+0000] {dagbag.py:350} ERROR - Failed to import: /opt/airflow/dags/airflow_lab2.py
Traceback (most recent call last):
  File "/home/airflow/.local/lib/python3.8/site-packages/airflow/models/dagbag.py", line 346, in parse
    loader.exec_module(new_module)
  File "<frozen importlib._bootstrap_external>", line 843, in exec_module
  File "<frozen importlib._bootstrap>", line 219, in _call_with_frames_removed
  File "/opt/airflow/dags/airflow_lab2.py", line 8, in <module>
    from Lab2.src.lab import load_data, data_preprocessing, build_save_model, load_model_elbow
ModuleNotFoundError: No module named 'Lab2'
[2026-02-10T02:39:16.654+0000] {processor.py:842} WARNING - No viable dags retrieved from /opt/airflow/dags/airflow_lab2.py
[2026-02-10T02:39:16.671+0000] {processor.py:183} INFO - Processing /opt/airflow/dags/airflow_lab2.py took 0.028 seconds
[2026-02-10T02:40:02.701+0000] {processor.py:161} INFO - Started process (PID=207) to work on /opt/airflow/dags/airflow_lab2.py
[2026-02-10T02:40:02.703+0000] {processor.py:830} INFO - Processing file /opt/airflow/dags/airflow_lab2.py for tasks to queue
[2026-02-10T02:40:02.706+0000] {logging_mixin.py:188} INFO - [2026-02-10T02:40:02.705+0000] {dagbag.py:540} INFO - Filling up the DagBag from /opt/airflow/dags/airflow_lab2.py
[2026-02-10T02:40:03.208+0000] {processor.py:840} INFO - DAG(s) 'Airflow_Lab2' retrieved from /opt/airflow/dags/airflow_lab2.py
[2026-02-10T02:40:03.223+0000] {logging_mixin.py:188} INFO - [2026-02-10T02:40:03.223+0000] {dag.py:3047} INFO - Sync 1 DAGs
[2026-02-10T02:40:03.228+0000] {logging_mixin.py:188} INFO - [2026-02-10T02:40:03.228+0000] {dag.py:3834} INFO - Setting next_dagrun for Airflow_Lab2 to None, run_after=None
[2026-02-10T02:40:03.243+0000] {processor.py:183} INFO - Processing /opt/airflow/dags/airflow_lab2.py took 0.544 seconds
[2026-02-10T02:40:33.587+0000] {processor.py:161} INFO - Started process (PID=230) to work on /opt/airflow/dags/airflow_lab2.py
[2026-02-10T02:40:33.590+0000] {processor.py:830} INFO - Processing file /opt/airflow/dags/airflow_lab2.py for tasks to queue
[2026-02-10T02:40:33.592+0000] {logging_mixin.py:188} INFO - [2026-02-10T02:40:33.591+0000] {dagbag.py:540} INFO - Filling up the DagBag from /opt/airflow/dags/airflow_lab2.py
[2026-02-10T02:40:34.109+0000] {processor.py:840} INFO - DAG(s) 'Airflow_Lab2' retrieved from /opt/airflow/dags/airflow_lab2.py
[2026-02-10T02:40:34.150+0000] {logging_mixin.py:188} INFO - [2026-02-10T02:40:34.150+0000] {dag.py:3047} INFO - Sync 1 DAGs
[2026-02-10T02:40:34.154+0000] {logging_mixin.py:188} INFO - [2026-02-10T02:40:34.154+0000] {dag.py:3834} INFO - Setting next_dagrun for Airflow_Lab2 to None, run_after=None
[2026-02-10T02:40:34.160+0000] {processor.py:183} INFO - Processing /opt/airflow/dags/airflow_lab2.py took 0.590 seconds
[2026-02-10T02:41:04.244+0000] {processor.py:161} INFO - Started process (PID=243) to work on /opt/airflow/dags/airflow_lab2.py
[2026-02-10T02:41:04.245+0000] {processor.py:830} INFO - Processing file /opt/airflow/dags/airflow_lab2.py for tasks to queue
[2026-02-10T02:41:04.246+0000] {logging_mixin.py:188} INFO - [2026-02-10T02:41:04.246+0000] {dagbag.py:540} INFO - Filling up the DagBag from /opt/airflow/dags/airflow_lab2.py
[2026-02-10T02:41:04.728+0000] {processor.py:840} INFO - DAG(s) 'Airflow_Lab2' retrieved from /opt/airflow/dags/airflow_lab2.py
[2026-02-10T02:41:04.742+0000] {logging_mixin.py:188} INFO - [2026-02-10T02:41:04.742+0000] {dag.py:3047} INFO - Sync 1 DAGs
[2026-02-10T02:41:04.746+0000] {logging_mixin.py:188} INFO - [2026-02-10T02:41:04.746+0000] {dag.py:3834} INFO - Setting next_dagrun for Airflow_Lab2 to None, run_after=None
[2026-02-10T02:41:04.752+0000] {processor.py:183} INFO - Processing /opt/airflow/dags/airflow_lab2.py took 0.513 seconds
[2026-02-10T02:41:35.069+0000] {processor.py:161} INFO - Started process (PID=256) to work on /opt/airflow/dags/airflow_lab2.py
[2026-02-10T02:41:35.070+0000] {processor.py:830} INFO - Processing file /opt/airflow/dags/airflow_lab2.py for tasks to queue
[2026-02-10T02:41:35.071+0000] {logging_mixin.py:188} INFO - [2026-02-10T02:41:35.071+0000] {dagbag.py:540} INFO - Filling up the DagBag from /opt/airflow/dags/airflow_lab2.py
[2026-02-10T02:41:35.576+0000] {processor.py:840} INFO - DAG(s) 'Airflow_Lab2' retrieved from /opt/airflow/dags/airflow_lab2.py
[2026-02-10T02:41:35.590+0000] {logging_mixin.py:188} INFO - [2026-02-10T02:41:35.590+0000] {dag.py:3047} INFO - Sync 1 DAGs
[2026-02-10T02:41:35.594+0000] {logging_mixin.py:188} INFO - [2026-02-10T02:41:35.594+0000] {dag.py:3834} INFO - Setting next_dagrun for Airflow_Lab2 to None, run_after=None
[2026-02-10T02:41:35.600+0000] {processor.py:183} INFO - Processing /opt/airflow/dags/airflow_lab2.py took 0.535 seconds
[2026-02-10T02:42:05.839+0000] {processor.py:161} INFO - Started process (PID=269) to work on /opt/airflow/dags/airflow_lab2.py
[2026-02-10T02:42:05.841+0000] {processor.py:830} INFO - Processing file /opt/airflow/dags/airflow_lab2.py for tasks to queue
[2026-02-10T02:42:05.841+0000] {logging_mixin.py:188} INFO - [2026-02-10T02:42:05.841+0000] {dagbag.py:540} INFO - Filling up the DagBag from /opt/airflow/dags/airflow_lab2.py
[2026-02-10T02:42:06.447+0000] {processor.py:840} INFO - DAG(s) 'Airflow_Lab2' retrieved from /opt/airflow/dags/airflow_lab2.py
[2026-02-10T02:42:06.466+0000] {logging_mixin.py:188} INFO - [2026-02-10T02:42:06.466+0000] {dag.py:3047} INFO - Sync 1 DAGs
[2026-02-10T02:42:06.471+0000] {logging_mixin.py:188} INFO - [2026-02-10T02:42:06.471+0000] {dag.py:3834} INFO - Setting next_dagrun for Airflow_Lab2 to None, run_after=None
[2026-02-10T02:42:06.479+0000] {processor.py:183} INFO - Processing /opt/airflow/dags/airflow_lab2.py took 0.643 seconds
[2026-02-10T02:42:36.678+0000] {processor.py:161} INFO - Started process (PID=282) to work on /opt/airflow/dags/airflow_lab2.py
[2026-02-10T02:42:36.680+0000] {processor.py:830} INFO - Processing file /opt/airflow/dags/airflow_lab2.py for tasks to queue
[2026-02-10T02:42:36.681+0000] {logging_mixin.py:188} INFO - [2026-02-10T02:42:36.680+0000] {dagbag.py:540} INFO - Filling up the DagBag from /opt/airflow/dags/airflow_lab2.py
[2026-02-10T02:42:37.302+0000] {processor.py:840} INFO - DAG(s) 'Airflow_Lab2' retrieved from /opt/airflow/dags/airflow_lab2.py
[2026-02-10T02:42:37.334+0000] {logging_mixin.py:188} INFO - [2026-02-10T02:42:37.334+0000] {dag.py:3047} INFO - Sync 1 DAGs
[2026-02-10T02:42:37.339+0000] {logging_mixin.py:188} INFO - [2026-02-10T02:42:37.339+0000] {dag.py:3834} INFO - Setting next_dagrun for Airflow_Lab2 to None, run_after=None
[2026-02-10T02:42:37.358+0000] {processor.py:183} INFO - Processing /opt/airflow/dags/airflow_lab2.py took 0.683 seconds
[2026-02-10T02:43:07.708+0000] {processor.py:161} INFO - Started process (PID=295) to work on /opt/airflow/dags/airflow_lab2.py
[2026-02-10T02:43:07.710+0000] {processor.py:830} INFO - Processing file /opt/airflow/dags/airflow_lab2.py for tasks to queue
[2026-02-10T02:43:07.713+0000] {logging_mixin.py:188} INFO - [2026-02-10T02:43:07.712+0000] {dagbag.py:540} INFO - Filling up the DagBag from /opt/airflow/dags/airflow_lab2.py
[2026-02-10T02:43:08.240+0000] {processor.py:840} INFO - DAG(s) 'Airflow_Lab2' retrieved from /opt/airflow/dags/airflow_lab2.py
[2026-02-10T02:43:08.256+0000] {logging_mixin.py:188} INFO - [2026-02-10T02:43:08.256+0000] {dag.py:3047} INFO - Sync 1 DAGs
[2026-02-10T02:43:08.262+0000] {logging_mixin.py:188} INFO - [2026-02-10T02:43:08.261+0000] {dag.py:3834} INFO - Setting next_dagrun for Airflow_Lab2 to None, run_after=None
[2026-02-10T02:43:08.269+0000] {processor.py:183} INFO - Processing /opt/airflow/dags/airflow_lab2.py took 0.575 seconds
[2026-02-10T02:43:38.342+0000] {processor.py:161} INFO - Started process (PID=308) to work on /opt/airflow/dags/airflow_lab2.py
[2026-02-10T02:43:38.346+0000] {processor.py:830} INFO - Processing file /opt/airflow/dags/airflow_lab2.py for tasks to queue
[2026-02-10T02:43:38.347+0000] {logging_mixin.py:188} INFO - [2026-02-10T02:43:38.347+0000] {dagbag.py:540} INFO - Filling up the DagBag from /opt/airflow/dags/airflow_lab2.py
[2026-02-10T02:43:38.870+0000] {processor.py:840} INFO - DAG(s) 'Airflow_Lab2' retrieved from /opt/airflow/dags/airflow_lab2.py
[2026-02-10T02:43:38.883+0000] {logging_mixin.py:188} INFO - [2026-02-10T02:43:38.883+0000] {dag.py:3047} INFO - Sync 1 DAGs
[2026-02-10T02:43:38.888+0000] {logging_mixin.py:188} INFO - [2026-02-10T02:43:38.887+0000] {dag.py:3834} INFO - Setting next_dagrun for Airflow_Lab2 to None, run_after=None
[2026-02-10T02:43:38.894+0000] {processor.py:183} INFO - Processing /opt/airflow/dags/airflow_lab2.py took 0.557 seconds
[2026-02-10T02:44:09.290+0000] {processor.py:161} INFO - Started process (PID=321) to work on /opt/airflow/dags/airflow_lab2.py
[2026-02-10T02:44:09.292+0000] {processor.py:830} INFO - Processing file /opt/airflow/dags/airflow_lab2.py for tasks to queue
[2026-02-10T02:44:09.293+0000] {logging_mixin.py:188} INFO - [2026-02-10T02:44:09.292+0000] {dagbag.py:540} INFO - Filling up the DagBag from /opt/airflow/dags/airflow_lab2.py
[2026-02-10T02:44:09.823+0000] {processor.py:840} INFO - DAG(s) 'Airflow_Lab2' retrieved from /opt/airflow/dags/airflow_lab2.py
[2026-02-10T02:44:09.844+0000] {logging_mixin.py:188} INFO - [2026-02-10T02:44:09.843+0000] {dag.py:3047} INFO - Sync 1 DAGs
[2026-02-10T02:44:09.848+0000] {logging_mixin.py:188} INFO - [2026-02-10T02:44:09.848+0000] {dag.py:3834} INFO - Setting next_dagrun for Airflow_Lab2 to None, run_after=None
[2026-02-10T02:44:09.855+0000] {processor.py:183} INFO - Processing /opt/airflow/dags/airflow_lab2.py took 0.568 seconds
[2026-02-10T02:44:40.133+0000] {processor.py:161} INFO - Started process (PID=334) to work on /opt/airflow/dags/airflow_lab2.py
[2026-02-10T02:44:40.135+0000] {processor.py:830} INFO - Processing file /opt/airflow/dags/airflow_lab2.py for tasks to queue
[2026-02-10T02:44:40.136+0000] {logging_mixin.py:188} INFO - [2026-02-10T02:44:40.135+0000] {dagbag.py:540} INFO - Filling up the DagBag from /opt/airflow/dags/airflow_lab2.py
[2026-02-10T02:44:40.664+0000] {processor.py:840} INFO - DAG(s) 'Airflow_Lab2' retrieved from /opt/airflow/dags/airflow_lab2.py
[2026-02-10T02:44:40.682+0000] {logging_mixin.py:188} INFO - [2026-02-10T02:44:40.682+0000] {dag.py:3047} INFO - Sync 1 DAGs
[2026-02-10T02:44:40.686+0000] {logging_mixin.py:188} INFO - [2026-02-10T02:44:40.686+0000] {dag.py:3834} INFO - Setting next_dagrun for Airflow_Lab2 to None, run_after=None
[2026-02-10T02:44:40.692+0000] {processor.py:183} INFO - Processing /opt/airflow/dags/airflow_lab2.py took 0.562 seconds
[2026-02-10T02:45:11.051+0000] {processor.py:161} INFO - Started process (PID=347) to work on /opt/airflow/dags/airflow_lab2.py
[2026-02-10T02:45:11.052+0000] {processor.py:830} INFO - Processing file /opt/airflow/dags/airflow_lab2.py for tasks to queue
[2026-02-10T02:45:11.053+0000] {logging_mixin.py:188} INFO - [2026-02-10T02:45:11.053+0000] {dagbag.py:540} INFO - Filling up the DagBag from /opt/airflow/dags/airflow_lab2.py
[2026-02-10T02:45:11.542+0000] {processor.py:840} INFO - DAG(s) 'Airflow_Lab2' retrieved from /opt/airflow/dags/airflow_lab2.py
[2026-02-10T02:45:11.555+0000] {logging_mixin.py:188} INFO - [2026-02-10T02:45:11.555+0000] {dag.py:3047} INFO - Sync 1 DAGs
[2026-02-10T02:45:11.559+0000] {logging_mixin.py:188} INFO - [2026-02-10T02:45:11.559+0000] {dag.py:3834} INFO - Setting next_dagrun for Airflow_Lab2 to None, run_after=None
[2026-02-10T02:45:11.565+0000] {processor.py:183} INFO - Processing /opt/airflow/dags/airflow_lab2.py took 0.519 seconds
[2026-02-10T02:45:41.676+0000] {processor.py:161} INFO - Started process (PID=360) to work on /opt/airflow/dags/airflow_lab2.py
[2026-02-10T02:45:41.677+0000] {processor.py:830} INFO - Processing file /opt/airflow/dags/airflow_lab2.py for tasks to queue
[2026-02-10T02:45:41.678+0000] {logging_mixin.py:188} INFO - [2026-02-10T02:45:41.677+0000] {dagbag.py:540} INFO - Filling up the DagBag from /opt/airflow/dags/airflow_lab2.py
[2026-02-10T02:45:42.242+0000] {processor.py:840} INFO - DAG(s) 'Airflow_Lab2' retrieved from /opt/airflow/dags/airflow_lab2.py
[2026-02-10T02:45:42.261+0000] {logging_mixin.py:188} INFO - [2026-02-10T02:45:42.260+0000] {dag.py:3047} INFO - Sync 1 DAGs
[2026-02-10T02:45:42.265+0000] {logging_mixin.py:188} INFO - [2026-02-10T02:45:42.265+0000] {dag.py:3834} INFO - Setting next_dagrun for Airflow_Lab2 to None, run_after=None
[2026-02-10T02:45:42.272+0000] {processor.py:183} INFO - Processing /opt/airflow/dags/airflow_lab2.py took 0.599 seconds
