Started process (PID=167) to work on /opt/airflow/dags/airflow_lab2.py
Processing file /opt/airflow/dags/airflow_lab2.py for tasks to queue
Filling up the DagBag from /opt/airflow/dags/airflow_lab2.py
Failed to import: /opt/airflow/dags/airflow_lab2.py
Traceback (most recent call last):
  File "/home/airflow/.local/lib/python3.8/site-packages/airflow/models/dagbag.py", line 346, in parse
    loader.exec_module(new_module)
  File "<frozen importlib._bootstrap_external>", line 843, in exec_module
  File "<frozen importlib._bootstrap>", line 219, in _call_with_frames_removed
  File "/opt/airflow/dags/airflow_lab2.py", line 2, in <module>
    from airflow.providers.standard.operators.python import PythonOperator
ModuleNotFoundError: No module named 'airflow.providers.standard'
No viable dags retrieved from /opt/airflow/dags/airflow_lab2.py
Processing /opt/airflow/dags/airflow_lab2.py took 0.034 seconds
Started process (PID=172) to work on /opt/airflow/dags/airflow_lab2.py
Processing file /opt/airflow/dags/airflow_lab2.py for tasks to queue
Filling up the DagBag from /opt/airflow/dags/airflow_lab2.py
Failed to import: /opt/airflow/dags/airflow_lab2.py
Traceback (most recent call last):
  File "/home/airflow/.local/lib/python3.8/site-packages/airflow/models/dagbag.py", line 346, in parse
    loader.exec_module(new_module)
  File "<frozen importlib._bootstrap_external>", line 843, in exec_module
  File "<frozen importlib._bootstrap>", line 219, in _call_with_frames_removed
  File "/opt/airflow/dags/airflow_lab2.py", line 2, in <module>
    from airflow.providers.standard.operators.python import PythonOperator
ModuleNotFoundError: No module named 'airflow.providers.standard'
No viable dags retrieved from /opt/airflow/dags/airflow_lab2.py
Processing /opt/airflow/dags/airflow_lab2.py took 0.029 seconds
Started process (PID=177) to work on /opt/airflow/dags/airflow_lab2.py
Processing file /opt/airflow/dags/airflow_lab2.py for tasks to queue
Filling up the DagBag from /opt/airflow/dags/airflow_lab2.py
Failed to import: /opt/airflow/dags/airflow_lab2.py
Traceback (most recent call last):
  File "/home/airflow/.local/lib/python3.8/site-packages/airflow/models/dagbag.py", line 346, in parse
    loader.exec_module(new_module)
  File "<frozen importlib._bootstrap_external>", line 843, in exec_module
  File "<frozen importlib._bootstrap>", line 219, in _call_with_frames_removed
  File "/opt/airflow/dags/airflow_lab2.py", line 2, in <module>
    from airflow.providers.standard.operators.python import PythonOperator
ModuleNotFoundError: No module named 'airflow.providers.standard'
No viable dags retrieved from /opt/airflow/dags/airflow_lab2.py
Processing /opt/airflow/dags/airflow_lab2.py took 0.020 seconds
Started process (PID=182) to work on /opt/airflow/dags/airflow_lab2.py
Processing file /opt/airflow/dags/airflow_lab2.py for tasks to queue
Filling up the DagBag from /opt/airflow/dags/airflow_lab2.py
Failed to import: /opt/airflow/dags/airflow_lab2.py
Traceback (most recent call last):
  File "/home/airflow/.local/lib/python3.8/site-packages/airflow/models/dagbag.py", line 346, in parse
    loader.exec_module(new_module)
  File "<frozen importlib._bootstrap_external>", line 843, in exec_module
  File "<frozen importlib._bootstrap>", line 219, in _call_with_frames_removed
  File "/opt/airflow/dags/airflow_lab2.py", line 2, in <module>
    from airflow.providers.standard.operators.python import PythonOperator
ModuleNotFoundError: No module named 'airflow.providers.standard'
No viable dags retrieved from /opt/airflow/dags/airflow_lab2.py
Processing /opt/airflow/dags/airflow_lab2.py took 0.047 seconds
Started process (PID=187) to work on /opt/airflow/dags/airflow_lab2.py
Processing file /opt/airflow/dags/airflow_lab2.py for tasks to queue
Filling up the DagBag from /opt/airflow/dags/airflow_lab2.py
Failed to import: /opt/airflow/dags/airflow_lab2.py
Traceback (most recent call last):
  File "/home/airflow/.local/lib/python3.8/site-packages/airflow/models/dagbag.py", line 346, in parse
    loader.exec_module(new_module)
  File "<frozen importlib._bootstrap_external>", line 843, in exec_module
  File "<frozen importlib._bootstrap>", line 219, in _call_with_frames_removed
  File "/opt/airflow/dags/airflow_lab2.py", line 2, in <module>
    from airflow.providers.standard.operators.python import PythonOperator
ModuleNotFoundError: No module named 'airflow.providers.standard'
No viable dags retrieved from /opt/airflow/dags/airflow_lab2.py
Processing /opt/airflow/dags/airflow_lab2.py took 0.023 seconds
Started process (PID=192) to work on /opt/airflow/dags/airflow_lab2.py
Processing file /opt/airflow/dags/airflow_lab2.py for tasks to queue
Filling up the DagBag from /opt/airflow/dags/airflow_lab2.py
Failed to import: /opt/airflow/dags/airflow_lab2.py
Traceback (most recent call last):
  File "/home/airflow/.local/lib/python3.8/site-packages/airflow/models/dagbag.py", line 346, in parse
    loader.exec_module(new_module)
  File "<frozen importlib._bootstrap_external>", line 843, in exec_module
  File "<frozen importlib._bootstrap>", line 219, in _call_with_frames_removed
  File "/opt/airflow/dags/airflow_lab2.py", line 2, in <module>
    from airflow.providers.standard.operators.python import PythonOperator
ModuleNotFoundError: No module named 'airflow.providers.standard'
No viable dags retrieved from /opt/airflow/dags/airflow_lab2.py
Processing /opt/airflow/dags/airflow_lab2.py took 0.023 seconds
Started process (PID=197) to work on /opt/airflow/dags/airflow_lab2.py
Processing file /opt/airflow/dags/airflow_lab2.py for tasks to queue
Filling up the DagBag from /opt/airflow/dags/airflow_lab2.py
Failed to import: /opt/airflow/dags/airflow_lab2.py
Traceback (most recent call last):
  File "/home/airflow/.local/lib/python3.8/site-packages/airflow/models/dagbag.py", line 346, in parse
    loader.exec_module(new_module)
  File "<frozen importlib._bootstrap_external>", line 843, in exec_module
  File "<frozen importlib._bootstrap>", line 219, in _call_with_frames_removed
  File "/opt/airflow/dags/airflow_lab2.py", line 2, in <module>
    from airflow.providers.standard.operators.python import PythonOperator
ModuleNotFoundError: No module named 'airflow.providers.standard'
No viable dags retrieved from /opt/airflow/dags/airflow_lab2.py
Processing /opt/airflow/dags/airflow_lab2.py took 0.025 seconds
Started process (PID=202) to work on /opt/airflow/dags/airflow_lab2.py
Processing file /opt/airflow/dags/airflow_lab2.py for tasks to queue
Filling up the DagBag from /opt/airflow/dags/airflow_lab2.py
Failed to import: /opt/airflow/dags/airflow_lab2.py
Traceback (most recent call last):
  File "/home/airflow/.local/lib/python3.8/site-packages/airflow/models/dagbag.py", line 346, in parse
    loader.exec_module(new_module)
  File "<frozen importlib._bootstrap_external>", line 843, in exec_module
  File "<frozen importlib._bootstrap>", line 219, in _call_with_frames_removed
  File "/opt/airflow/dags/airflow_lab2.py", line 2, in <module>
    from airflow.providers.standard.operators.python import PythonOperator
ModuleNotFoundError: No module named 'airflow.providers.standard'
No viable dags retrieved from /opt/airflow/dags/airflow_lab2.py
Processing /opt/airflow/dags/airflow_lab2.py took 0.028 seconds
Started process (PID=207) to work on /opt/airflow/dags/airflow_lab2.py
Processing file /opt/airflow/dags/airflow_lab2.py for tasks to queue
Filling up the DagBag from /opt/airflow/dags/airflow_lab2.py
Failed to import: /opt/airflow/dags/airflow_lab2.py
Traceback (most recent call last):
  File "/home/airflow/.local/lib/python3.8/site-packages/airflow/models/dagbag.py", line 346, in parse
    loader.exec_module(new_module)
  File "<frozen importlib._bootstrap_external>", line 843, in exec_module
  File "<frozen importlib._bootstrap>", line 219, in _call_with_frames_removed
  File "/opt/airflow/dags/airflow_lab2.py", line 2, in <module>
    from airflow.providers.standard.operators.python import PythonOperator
ModuleNotFoundError: No module named 'airflow.providers.standard'
No viable dags retrieved from /opt/airflow/dags/airflow_lab2.py
Processing /opt/airflow/dags/airflow_lab2.py took 0.022 seconds
Started process (PID=212) to work on /opt/airflow/dags/airflow_lab2.py
Processing file /opt/airflow/dags/airflow_lab2.py for tasks to queue
Filling up the DagBag from /opt/airflow/dags/airflow_lab2.py
Failed to import: /opt/airflow/dags/airflow_lab2.py
Traceback (most recent call last):
  File "/home/airflow/.local/lib/python3.8/site-packages/airflow/models/dagbag.py", line 346, in parse
    loader.exec_module(new_module)
  File "<frozen importlib._bootstrap_external>", line 843, in exec_module
  File "<frozen importlib._bootstrap>", line 219, in _call_with_frames_removed
  File "/opt/airflow/dags/airflow_lab2.py", line 2, in <module>
    from airflow.providers.standard.operators.python import PythonOperator
ModuleNotFoundError: No module named 'airflow.providers.standard'
No viable dags retrieved from /opt/airflow/dags/airflow_lab2.py
Processing /opt/airflow/dags/airflow_lab2.py took 0.031 seconds
Started process (PID=217) to work on /opt/airflow/dags/airflow_lab2.py
Processing file /opt/airflow/dags/airflow_lab2.py for tasks to queue
Filling up the DagBag from /opt/airflow/dags/airflow_lab2.py
Failed to import: /opt/airflow/dags/airflow_lab2.py
Traceback (most recent call last):
  File "/home/airflow/.local/lib/python3.8/site-packages/airflow/models/dagbag.py", line 346, in parse
    loader.exec_module(new_module)
  File "<frozen importlib._bootstrap_external>", line 843, in exec_module
  File "<frozen importlib._bootstrap>", line 219, in _call_with_frames_removed
  File "/opt/airflow/dags/airflow_lab2.py", line 2, in <module>
    from airflow.providers.standard.operators.python import PythonOperator
ModuleNotFoundError: No module named 'airflow.providers.standard'
No viable dags retrieved from /opt/airflow/dags/airflow_lab2.py
Processing /opt/airflow/dags/airflow_lab2.py took 0.017 seconds
Started process (PID=222) to work on /opt/airflow/dags/airflow_lab2.py
Processing file /opt/airflow/dags/airflow_lab2.py for tasks to queue
Filling up the DagBag from /opt/airflow/dags/airflow_lab2.py
Failed to import: /opt/airflow/dags/airflow_lab2.py
Traceback (most recent call last):
  File "/home/airflow/.local/lib/python3.8/site-packages/airflow/models/dagbag.py", line 346, in parse
    loader.exec_module(new_module)
  File "<frozen importlib._bootstrap_external>", line 843, in exec_module
  File "<frozen importlib._bootstrap>", line 219, in _call_with_frames_removed
  File "/opt/airflow/dags/airflow_lab2.py", line 2, in <module>
    from airflow.providers.standard.operators.python import PythonOperator
ModuleNotFoundError: No module named 'airflow.providers.standard'
No viable dags retrieved from /opt/airflow/dags/airflow_lab2.py
Processing /opt/airflow/dags/airflow_lab2.py took 0.052 seconds
Started process (PID=227) to work on /opt/airflow/dags/airflow_lab2.py
Processing file /opt/airflow/dags/airflow_lab2.py for tasks to queue
Filling up the DagBag from /opt/airflow/dags/airflow_lab2.py
Failed to import: /opt/airflow/dags/airflow_lab2.py
Traceback (most recent call last):
  File "/home/airflow/.local/lib/python3.8/site-packages/airflow/models/dagbag.py", line 346, in parse
    loader.exec_module(new_module)
  File "<frozen importlib._bootstrap_external>", line 843, in exec_module
  File "<frozen importlib._bootstrap>", line 219, in _call_with_frames_removed
  File "/opt/airflow/dags/airflow_lab2.py", line 2, in <module>
    from airflow.providers.standard.operators.python import PythonOperator
ModuleNotFoundError: No module named 'airflow.providers.standard'
No viable dags retrieved from /opt/airflow/dags/airflow_lab2.py
Processing /opt/airflow/dags/airflow_lab2.py took 0.035 seconds
Started process (PID=167) to work on /opt/airflow/dags/airflow_lab2.py
Processing file /opt/airflow/dags/airflow_lab2.py for tasks to queue
Filling up the DagBag from /opt/airflow/dags/airflow_lab2.py
Failed to import: /opt/airflow/dags/airflow_lab2.py
Traceback (most recent call last):
  File "/home/airflow/.local/lib/python3.8/site-packages/airflow/models/dagbag.py", line 346, in parse
    loader.exec_module(new_module)
  File "<frozen importlib._bootstrap_external>", line 843, in exec_module
  File "<frozen importlib._bootstrap>", line 219, in _call_with_frames_removed
  File "/opt/airflow/dags/airflow_lab2.py", line 2, in <module>
    from airflow.providers.standard.operators.python import PythonOperator
ModuleNotFoundError: No module named 'airflow.providers.standard'
No viable dags retrieved from /opt/airflow/dags/airflow_lab2.py
Processing /opt/airflow/dags/airflow_lab2.py took 0.024 seconds
Started process (PID=172) to work on /opt/airflow/dags/airflow_lab2.py
Processing file /opt/airflow/dags/airflow_lab2.py for tasks to queue
Filling up the DagBag from /opt/airflow/dags/airflow_lab2.py
Failed to import: /opt/airflow/dags/airflow_lab2.py
Traceback (most recent call last):
  File "/home/airflow/.local/lib/python3.8/site-packages/airflow/models/dagbag.py", line 346, in parse
    loader.exec_module(new_module)
  File "<frozen importlib._bootstrap_external>", line 843, in exec_module
  File "<frozen importlib._bootstrap>", line 219, in _call_with_frames_removed
  File "/opt/airflow/dags/airflow_lab2.py", line 2, in <module>
    from airflow.providers.standard.operators.python import PythonOperator
ModuleNotFoundError: No module named 'airflow.providers.standard'
No viable dags retrieved from /opt/airflow/dags/airflow_lab2.py
Processing /opt/airflow/dags/airflow_lab2.py took 0.028 seconds
Started process (PID=177) to work on /opt/airflow/dags/airflow_lab2.py
Processing file /opt/airflow/dags/airflow_lab2.py for tasks to queue
Filling up the DagBag from /opt/airflow/dags/airflow_lab2.py
Failed to import: /opt/airflow/dags/airflow_lab2.py
Traceback (most recent call last):
  File "/home/airflow/.local/lib/python3.8/site-packages/airflow/models/dagbag.py", line 346, in parse
    loader.exec_module(new_module)
  File "<frozen importlib._bootstrap_external>", line 843, in exec_module
  File "<frozen importlib._bootstrap>", line 219, in _call_with_frames_removed
  File "/opt/airflow/dags/airflow_lab2.py", line 2, in <module>
    from airflow.providers.standard.operators.python import PythonOperator
ModuleNotFoundError: No module named 'airflow.providers.standard'
No viable dags retrieved from /opt/airflow/dags/airflow_lab2.py
Processing /opt/airflow/dags/airflow_lab2.py took 0.023 seconds
Started process (PID=182) to work on /opt/airflow/dags/airflow_lab2.py
Processing file /opt/airflow/dags/airflow_lab2.py for tasks to queue
Filling up the DagBag from /opt/airflow/dags/airflow_lab2.py
Failed to import: /opt/airflow/dags/airflow_lab2.py
Traceback (most recent call last):
  File "/home/airflow/.local/lib/python3.8/site-packages/airflow/models/dagbag.py", line 346, in parse
    loader.exec_module(new_module)
  File "<frozen importlib._bootstrap_external>", line 843, in exec_module
  File "<frozen importlib._bootstrap>", line 219, in _call_with_frames_removed
  File "/opt/airflow/dags/airflow_lab2.py", line 2, in <module>
    from airflow.providers.standard.operators.python import PythonOperator
ModuleNotFoundError: No module named 'airflow.providers.standard'
No viable dags retrieved from /opt/airflow/dags/airflow_lab2.py
Processing /opt/airflow/dags/airflow_lab2.py took 0.047 seconds
Started process (PID=187) to work on /opt/airflow/dags/airflow_lab2.py
Processing file /opt/airflow/dags/airflow_lab2.py for tasks to queue
Filling up the DagBag from /opt/airflow/dags/airflow_lab2.py
Failed to import: /opt/airflow/dags/airflow_lab2.py
Traceback (most recent call last):
  File "/home/airflow/.local/lib/python3.8/site-packages/airflow/models/dagbag.py", line 346, in parse
    loader.exec_module(new_module)
  File "<frozen importlib._bootstrap_external>", line 843, in exec_module
  File "<frozen importlib._bootstrap>", line 219, in _call_with_frames_removed
  File "/opt/airflow/dags/airflow_lab2.py", line 2, in <module>
    from airflow.providers.standard.operators.python import PythonOperator
ModuleNotFoundError: No module named 'airflow.providers.standard'
No viable dags retrieved from /opt/airflow/dags/airflow_lab2.py
Processing /opt/airflow/dags/airflow_lab2.py took 0.016 seconds
Started process (PID=192) to work on /opt/airflow/dags/airflow_lab2.py
Processing file /opt/airflow/dags/airflow_lab2.py for tasks to queue
Filling up the DagBag from /opt/airflow/dags/airflow_lab2.py
Failed to import: /opt/airflow/dags/airflow_lab2.py
Traceback (most recent call last):
  File "/home/airflow/.local/lib/python3.8/site-packages/airflow/models/dagbag.py", line 346, in parse
    loader.exec_module(new_module)
  File "<frozen importlib._bootstrap_external>", line 843, in exec_module
  File "<frozen importlib._bootstrap>", line 219, in _call_with_frames_removed
  File "/opt/airflow/dags/airflow_lab2.py", line 2, in <module>
    from airflow.providers.standard.operators.python import PythonOperator
ModuleNotFoundError: No module named 'airflow.providers.standard'
No viable dags retrieved from /opt/airflow/dags/airflow_lab2.py
Processing /opt/airflow/dags/airflow_lab2.py took 0.029 seconds
Started process (PID=197) to work on /opt/airflow/dags/airflow_lab2.py
Processing file /opt/airflow/dags/airflow_lab2.py for tasks to queue
Filling up the DagBag from /opt/airflow/dags/airflow_lab2.py
Failed to import: /opt/airflow/dags/airflow_lab2.py
Traceback (most recent call last):
  File "/home/airflow/.local/lib/python3.8/site-packages/airflow/models/dagbag.py", line 346, in parse
    loader.exec_module(new_module)
  File "<frozen importlib._bootstrap_external>", line 843, in exec_module
  File "<frozen importlib._bootstrap>", line 219, in _call_with_frames_removed
  File "/opt/airflow/dags/airflow_lab2.py", line 2, in <module>
    from airflow.providers.standard.operators.python import PythonOperator
ModuleNotFoundError: No module named 'airflow.providers.standard'
No viable dags retrieved from /opt/airflow/dags/airflow_lab2.py
Processing /opt/airflow/dags/airflow_lab2.py took 0.016 seconds
Started process (PID=202) to work on /opt/airflow/dags/airflow_lab2.py
Processing file /opt/airflow/dags/airflow_lab2.py for tasks to queue
Filling up the DagBag from /opt/airflow/dags/airflow_lab2.py
Failed to import: /opt/airflow/dags/airflow_lab2.py
Traceback (most recent call last):
  File "/home/airflow/.local/lib/python3.8/site-packages/airflow/models/dagbag.py", line 346, in parse
    loader.exec_module(new_module)
  File "<frozen importlib._bootstrap_external>", line 843, in exec_module
  File "<frozen importlib._bootstrap>", line 219, in _call_with_frames_removed
  File "/opt/airflow/dags/airflow_lab2.py", line 2, in <module>
    from airflow.providers.standard.operators.python import PythonOperator
ModuleNotFoundError: No module named 'airflow.providers.standard'
No viable dags retrieved from /opt/airflow/dags/airflow_lab2.py
Processing /opt/airflow/dags/airflow_lab2.py took 0.063 seconds
Started process (PID=207) to work on /opt/airflow/dags/airflow_lab2.py
Processing file /opt/airflow/dags/airflow_lab2.py for tasks to queue
Filling up the DagBag from /opt/airflow/dags/airflow_lab2.py
Failed to import: /opt/airflow/dags/airflow_lab2.py
Traceback (most recent call last):
  File "/home/airflow/.local/lib/python3.8/site-packages/airflow/models/dagbag.py", line 346, in parse
    loader.exec_module(new_module)
  File "<frozen importlib._bootstrap_external>", line 843, in exec_module
  File "<frozen importlib._bootstrap>", line 219, in _call_with_frames_removed
  File "/opt/airflow/dags/airflow_lab2.py", line 2, in <module>
    from airflow.providers.standard.operators.python import PythonOperator
ModuleNotFoundError: No module named 'airflow.providers.standard'
No viable dags retrieved from /opt/airflow/dags/airflow_lab2.py
Processing /opt/airflow/dags/airflow_lab2.py took 0.015 seconds
Started process (PID=212) to work on /opt/airflow/dags/airflow_lab2.py
Processing file /opt/airflow/dags/airflow_lab2.py for tasks to queue
Filling up the DagBag from /opt/airflow/dags/airflow_lab2.py
Failed to import: /opt/airflow/dags/airflow_lab2.py
Traceback (most recent call last):
  File "/home/airflow/.local/lib/python3.8/site-packages/airflow/models/dagbag.py", line 346, in parse
    loader.exec_module(new_module)
  File "<frozen importlib._bootstrap_external>", line 843, in exec_module
  File "<frozen importlib._bootstrap>", line 219, in _call_with_frames_removed
  File "/opt/airflow/dags/airflow_lab2.py", line 2, in <module>
    from airflow.providers.standard.operators.python import PythonOperator
ModuleNotFoundError: No module named 'airflow.providers.standard'
No viable dags retrieved from /opt/airflow/dags/airflow_lab2.py
Processing /opt/airflow/dags/airflow_lab2.py took 0.028 seconds
Started process (PID=217) to work on /opt/airflow/dags/airflow_lab2.py
Processing file /opt/airflow/dags/airflow_lab2.py for tasks to queue
Filling up the DagBag from /opt/airflow/dags/airflow_lab2.py
Failed to import: /opt/airflow/dags/airflow_lab2.py
Traceback (most recent call last):
  File "/home/airflow/.local/lib/python3.8/site-packages/airflow/models/dagbag.py", line 346, in parse
    loader.exec_module(new_module)
  File "<frozen importlib._bootstrap_external>", line 843, in exec_module
  File "<frozen importlib._bootstrap>", line 219, in _call_with_frames_removed
  File "/opt/airflow/dags/airflow_lab2.py", line 2, in <module>
    from airflow.providers.standard.operators.python import PythonOperator
ModuleNotFoundError: No module named 'airflow.providers.standard'
No viable dags retrieved from /opt/airflow/dags/airflow_lab2.py
Processing /opt/airflow/dags/airflow_lab2.py took 0.020 seconds
Started process (PID=222) to work on /opt/airflow/dags/airflow_lab2.py
Processing file /opt/airflow/dags/airflow_lab2.py for tasks to queue
Filling up the DagBag from /opt/airflow/dags/airflow_lab2.py
Failed to import: /opt/airflow/dags/airflow_lab2.py
Traceback (most recent call last):
  File "/home/airflow/.local/lib/python3.8/site-packages/airflow/models/dagbag.py", line 346, in parse
    loader.exec_module(new_module)
  File "<frozen importlib._bootstrap_external>", line 843, in exec_module
  File "<frozen importlib._bootstrap>", line 219, in _call_with_frames_removed
  File "/opt/airflow/dags/airflow_lab2.py", line 2, in <module>
    from airflow.providers.standard.operators.python import PythonOperator
ModuleNotFoundError: No module named 'airflow.providers.standard'
No viable dags retrieved from /opt/airflow/dags/airflow_lab2.py
Processing /opt/airflow/dags/airflow_lab2.py took 0.023 seconds
Started process (PID=227) to work on /opt/airflow/dags/airflow_lab2.py
Processing file /opt/airflow/dags/airflow_lab2.py for tasks to queue
Filling up the DagBag from /opt/airflow/dags/airflow_lab2.py
Failed to import: /opt/airflow/dags/airflow_lab2.py
Traceback (most recent call last):
  File "/home/airflow/.local/lib/python3.8/site-packages/airflow/models/dagbag.py", line 346, in parse
    loader.exec_module(new_module)
  File "<frozen importlib._bootstrap_external>", line 843, in exec_module
  File "<frozen importlib._bootstrap>", line 219, in _call_with_frames_removed
  File "/opt/airflow/dags/airflow_lab2.py", line 2, in <module>
    from airflow.providers.standard.operators.python import PythonOperator
ModuleNotFoundError: No module named 'airflow.providers.standard'
No viable dags retrieved from /opt/airflow/dags/airflow_lab2.py
Processing /opt/airflow/dags/airflow_lab2.py took 0.025 seconds
Started process (PID=232) to work on /opt/airflow/dags/airflow_lab2.py
Processing file /opt/airflow/dags/airflow_lab2.py for tasks to queue
Filling up the DagBag from /opt/airflow/dags/airflow_lab2.py
Failed to import: /opt/airflow/dags/airflow_lab2.py
Traceback (most recent call last):
  File "/home/airflow/.local/lib/python3.8/site-packages/airflow/models/dagbag.py", line 346, in parse
    loader.exec_module(new_module)
  File "<frozen importlib._bootstrap_external>", line 843, in exec_module
  File "<frozen importlib._bootstrap>", line 219, in _call_with_frames_removed
  File "/opt/airflow/dags/airflow_lab2.py", line 2, in <module>
    from airflow.providers.standard.operators.python import PythonOperator
ModuleNotFoundError: No module named 'airflow.providers.standard'
No viable dags retrieved from /opt/airflow/dags/airflow_lab2.py
Processing /opt/airflow/dags/airflow_lab2.py took 0.027 seconds
Started process (PID=237) to work on /opt/airflow/dags/airflow_lab2.py
Processing file /opt/airflow/dags/airflow_lab2.py for tasks to queue
Filling up the DagBag from /opt/airflow/dags/airflow_lab2.py
Failed to import: /opt/airflow/dags/airflow_lab2.py
Traceback (most recent call last):
  File "/home/airflow/.local/lib/python3.8/site-packages/airflow/models/dagbag.py", line 346, in parse
    loader.exec_module(new_module)
  File "<frozen importlib._bootstrap_external>", line 843, in exec_module
  File "<frozen importlib._bootstrap>", line 219, in _call_with_frames_removed
  File "/opt/airflow/dags/airflow_lab2.py", line 2, in <module>
    from airflow.providers.standard.operators.python import PythonOperator
ModuleNotFoundError: No module named 'airflow.providers.standard'
No viable dags retrieved from /opt/airflow/dags/airflow_lab2.py
Processing /opt/airflow/dags/airflow_lab2.py took 0.022 seconds
Started process (PID=242) to work on /opt/airflow/dags/airflow_lab2.py
Processing file /opt/airflow/dags/airflow_lab2.py for tasks to queue
Filling up the DagBag from /opt/airflow/dags/airflow_lab2.py
Failed to import: /opt/airflow/dags/airflow_lab2.py
Traceback (most recent call last):
  File "/home/airflow/.local/lib/python3.8/site-packages/airflow/models/dagbag.py", line 346, in parse
    loader.exec_module(new_module)
  File "<frozen importlib._bootstrap_external>", line 843, in exec_module
  File "<frozen importlib._bootstrap>", line 219, in _call_with_frames_removed
  File "/opt/airflow/dags/airflow_lab2.py", line 2, in <module>
    from airflow.providers.standard.operators.python import PythonOperator
ModuleNotFoundError: No module named 'airflow.providers.standard'
No viable dags retrieved from /opt/airflow/dags/airflow_lab2.py
Processing /opt/airflow/dags/airflow_lab2.py took 0.038 seconds
Started process (PID=247) to work on /opt/airflow/dags/airflow_lab2.py
Processing file /opt/airflow/dags/airflow_lab2.py for tasks to queue
Filling up the DagBag from /opt/airflow/dags/airflow_lab2.py
Failed to import: /opt/airflow/dags/airflow_lab2.py
Traceback (most recent call last):
  File "/home/airflow/.local/lib/python3.8/site-packages/airflow/models/dagbag.py", line 346, in parse
    loader.exec_module(new_module)
  File "<frozen importlib._bootstrap_external>", line 843, in exec_module
  File "<frozen importlib._bootstrap>", line 219, in _call_with_frames_removed
  File "/opt/airflow/dags/airflow_lab2.py", line 2, in <module>
    from airflow.providers.standard.operators.python import PythonOperator
ModuleNotFoundError: No module named 'airflow.providers.standard'
No viable dags retrieved from /opt/airflow/dags/airflow_lab2.py
Processing /opt/airflow/dags/airflow_lab2.py took 0.023 seconds
Started process (PID=252) to work on /opt/airflow/dags/airflow_lab2.py
Processing file /opt/airflow/dags/airflow_lab2.py for tasks to queue
Filling up the DagBag from /opt/airflow/dags/airflow_lab2.py
Failed to import: /opt/airflow/dags/airflow_lab2.py
Traceback (most recent call last):
  File "/home/airflow/.local/lib/python3.8/site-packages/airflow/models/dagbag.py", line 346, in parse
    loader.exec_module(new_module)
  File "<frozen importlib._bootstrap_external>", line 843, in exec_module
  File "<frozen importlib._bootstrap>", line 219, in _call_with_frames_removed
  File "/opt/airflow/dags/airflow_lab2.py", line 2, in <module>
    from airflow.providers.standard.operators.python import PythonOperator
ModuleNotFoundError: No module named 'airflow.providers.standard'
No viable dags retrieved from /opt/airflow/dags/airflow_lab2.py
Processing /opt/airflow/dags/airflow_lab2.py took 0.041 seconds
