Processing files using up to 2 processes at a time 
Process each file at most once every 30 seconds
Checking for new files in /opt/airflow/dags every 300 seconds
Searching for files in /opt/airflow/dags
There are 1 files in /opt/airflow/dags

================================================================================
DAG File Processing Stats

File Path                            PID  Runtime      # DAGs    # Errors  Last Runtime    Last Run
---------------------------------  -----  ---------  --------  ----------  --------------  ----------
/opt/airflow/dags/airflow_lab2.py    167  0.03s             0           0
================================================================================

================================================================================
DAG File Processing Stats

File Path                            PID  Runtime      # DAGs    # Errors  Last Runtime    Last Run
---------------------------------  -----  ---------  --------  ----------  --------------  -------------------
/opt/airflow/dags/airflow_lab2.py    172  0.01s             0           1  0.04s           2026-02-09T23:44:12
================================================================================

================================================================================
DAG File Processing Stats

File Path                            PID  Runtime      # DAGs    # Errors  Last Runtime    Last Run
---------------------------------  -----  ---------  --------  ----------  --------------  -------------------
/opt/airflow/dags/airflow_lab2.py    177  0.00s             0           1  0.05s           2026-02-09T23:44:43
================================================================================

================================================================================
DAG File Processing Stats

File Path                            PID  Runtime      # DAGs    # Errors  Last Runtime    Last Run
---------------------------------  -----  ---------  --------  ----------  --------------  -------------------
/opt/airflow/dags/airflow_lab2.py    182  0.01s             0           1  0.03s           2026-02-09T23:45:13
================================================================================

================================================================================
DAG File Processing Stats

File Path                            PID  Runtime      # DAGs    # Errors  Last Runtime    Last Run
---------------------------------  -----  ---------  --------  ----------  --------------  -------------------
/opt/airflow/dags/airflow_lab2.py    187  0.01s             0           1  0.07s           2026-02-09T23:45:43
================================================================================

================================================================================
DAG File Processing Stats

File Path                            PID  Runtime      # DAGs    # Errors  Last Runtime    Last Run
---------------------------------  -----  ---------  --------  ----------  --------------  -------------------
/opt/airflow/dags/airflow_lab2.py    192  0.01s             0           1  0.04s           2026-02-09T23:46:14
================================================================================

================================================================================
DAG File Processing Stats

File Path                            PID  Runtime      # DAGs    # Errors  Last Runtime    Last Run
---------------------------------  -----  ---------  --------  ----------  --------------  -------------------
/opt/airflow/dags/airflow_lab2.py    197  0.01s             0           1  0.04s           2026-02-09T23:46:44
================================================================================

================================================================================
DAG File Processing Stats

File Path                            PID  Runtime      # DAGs    # Errors  Last Runtime    Last Run
---------------------------------  -----  ---------  --------  ----------  --------------  -------------------
/opt/airflow/dags/airflow_lab2.py    202  0.01s             0           1  0.05s           2026-02-09T23:47:14
================================================================================

================================================================================
DAG File Processing Stats

File Path                            PID  Runtime      # DAGs    # Errors  Last Runtime    Last Run
---------------------------------  -----  ---------  --------  ----------  --------------  -------------------
/opt/airflow/dags/airflow_lab2.py    207  0.01s             0           1  0.05s           2026-02-09T23:47:44
================================================================================

================================================================================
DAG File Processing Stats

File Path                            PID  Runtime      # DAGs    # Errors  Last Runtime    Last Run
---------------------------------  -----  ---------  --------  ----------  --------------  -------------------
/opt/airflow/dags/airflow_lab2.py    212  0.01s             0           1  0.04s           2026-02-09T23:48:15
================================================================================
Searching for files in /opt/airflow/dags
There are 1 files in /opt/airflow/dags

================================================================================
DAG File Processing Stats

File Path                            PID  Runtime      # DAGs    # Errors  Last Runtime    Last Run
---------------------------------  -----  ---------  --------  ----------  --------------  -------------------
/opt/airflow/dags/airflow_lab2.py    217  0.01s             0           1  0.05s           2026-02-09T23:48:45
================================================================================

================================================================================
DAG File Processing Stats

File Path                            PID  Runtime      # DAGs    # Errors  Last Runtime    Last Run
---------------------------------  -----  ---------  --------  ----------  --------------  -------------------
/opt/airflow/dags/airflow_lab2.py    222  0.02s             0           1  0.03s           2026-02-09T23:49:15
================================================================================

================================================================================
DAG File Processing Stats

File Path                            PID  Runtime      # DAGs    # Errors  Last Runtime    Last Run
---------------------------------  -----  ---------  --------  ----------  --------------  -------------------
/opt/airflow/dags/airflow_lab2.py    227  0.01s             0           1  0.08s           2026-02-09T23:49:46
================================================================================
Processing files using up to 2 processes at a time 
Process each file at most once every 30 seconds
Checking for new files in /opt/airflow/dags every 300 seconds
Searching for files in /opt/airflow/dags
There are 1 files in /opt/airflow/dags

================================================================================
DAG File Processing Stats

File Path                            PID  Runtime      # DAGs    # Errors  Last Runtime    Last Run
---------------------------------  -----  ---------  --------  ----------  --------------  ----------
/opt/airflow/dags/airflow_lab2.py    167  0.02s             0           0
================================================================================

================================================================================
DAG File Processing Stats

File Path                            PID  Runtime      # DAGs    # Errors  Last Runtime    Last Run
---------------------------------  -----  ---------  --------  ----------  --------------  -------------------
/opt/airflow/dags/airflow_lab2.py    172  0.04s             0           1  0.04s           2026-02-09T23:51:18
================================================================================

================================================================================
DAG File Processing Stats

File Path                            PID  Runtime      # DAGs    # Errors  Last Runtime    Last Run
---------------------------------  -----  ---------  --------  ----------  --------------  -------------------
/opt/airflow/dags/airflow_lab2.py    177  0.01s             0           1  0.08s           2026-02-09T23:51:48
================================================================================

================================================================================
DAG File Processing Stats

File Path                            PID  Runtime      # DAGs    # Errors  Last Runtime    Last Run
---------------------------------  -----  ---------  --------  ----------  --------------  -------------------
/opt/airflow/dags/airflow_lab2.py    182  0.01s             0           1  0.04s           2026-02-09T23:52:18
================================================================================

================================================================================
DAG File Processing Stats

File Path                            PID  Runtime      # DAGs    # Errors  Last Runtime    Last Run
---------------------------------  -----  ---------  --------  ----------  --------------  -------------------
/opt/airflow/dags/airflow_lab2.py    187  0.00s             0           1  0.07s           2026-02-09T23:52:49
================================================================================

================================================================================
DAG File Processing Stats

File Path                            PID  Runtime      # DAGs    # Errors  Last Runtime    Last Run
---------------------------------  -----  ---------  --------  ----------  --------------  -------------------
/opt/airflow/dags/airflow_lab2.py    192  0.01s             0           1  0.03s           2026-02-09T23:53:19
================================================================================

================================================================================
DAG File Processing Stats

File Path                            PID  Runtime      # DAGs    # Errors  Last Runtime    Last Run
---------------------------------  -----  ---------  --------  ----------  --------------  -------------------
/opt/airflow/dags/airflow_lab2.py    197  0.00s             0           1  0.06s           2026-02-09T23:53:49
================================================================================

================================================================================
DAG File Processing Stats

File Path                            PID  Runtime      # DAGs    # Errors  Last Runtime    Last Run
---------------------------------  -----  ---------  --------  ----------  --------------  -------------------
/opt/airflow/dags/airflow_lab2.py    202  0.01s             0           1  0.03s           2026-02-09T23:54:19
================================================================================

================================================================================
DAG File Processing Stats

File Path                            PID  Runtime      # DAGs    # Errors  Last Runtime    Last Run
---------------------------------  -----  ---------  --------  ----------  --------------  -------------------
/opt/airflow/dags/airflow_lab2.py    207  0.00s             0           1  0.09s           2026-02-09T23:54:50
================================================================================

================================================================================
DAG File Processing Stats

File Path                            PID  Runtime      # DAGs    # Errors  Last Runtime    Last Run
---------------------------------  -----  ---------  --------  ----------  --------------  -------------------
/opt/airflow/dags/airflow_lab2.py    212  0.01s             0           1  0.03s           2026-02-09T23:55:20
================================================================================
Searching for files in /opt/airflow/dags
There are 1 files in /opt/airflow/dags

================================================================================
DAG File Processing Stats

File Path                            PID  Runtime      # DAGs    # Errors  Last Runtime    Last Run
---------------------------------  -----  ---------  --------  ----------  --------------  -------------------
/opt/airflow/dags/airflow_lab2.py    217  0.00s             0           1  0.05s           2026-02-09T23:55:50
================================================================================

================================================================================
DAG File Processing Stats

File Path                            PID  Runtime      # DAGs    # Errors  Last Runtime    Last Run
---------------------------------  -----  ---------  --------  ----------  --------------  -------------------
/opt/airflow/dags/airflow_lab2.py    222  0.01s             0           1  0.03s           2026-02-09T23:56:21
================================================================================

================================================================================
DAG File Processing Stats

File Path                            PID  Runtime      # DAGs    # Errors  Last Runtime    Last Run
---------------------------------  -----  ---------  --------  ----------  --------------  -------------------
/opt/airflow/dags/airflow_lab2.py    227  0.01s             0           1  0.05s           2026-02-09T23:56:51
================================================================================

================================================================================
DAG File Processing Stats

File Path                            PID  Runtime      # DAGs    # Errors  Last Runtime    Last Run
---------------------------------  -----  ---------  --------  ----------  --------------  -------------------
/opt/airflow/dags/airflow_lab2.py    232  0.01s             0           1  0.05s           2026-02-09T23:57:21
================================================================================

================================================================================
DAG File Processing Stats

File Path                            PID  Runtime      # DAGs    # Errors  Last Runtime    Last Run
---------------------------------  -----  ---------  --------  ----------  --------------  -------------------
/opt/airflow/dags/airflow_lab2.py    237  0.01s             0           1  0.06s           2026-02-09T23:57:52
================================================================================

================================================================================
DAG File Processing Stats

File Path                            PID  Runtime      # DAGs    # Errors  Last Runtime    Last Run
---------------------------------  -----  ---------  --------  ----------  --------------  -------------------
/opt/airflow/dags/airflow_lab2.py    242  0.02s             0           1  0.04s           2026-02-09T23:58:22
================================================================================

================================================================================
DAG File Processing Stats

File Path                            PID  Runtime      # DAGs    # Errors  Last Runtime    Last Run
---------------------------------  -----  ---------  --------  ----------  --------------  -------------------
/opt/airflow/dags/airflow_lab2.py    247  0.01s             0           1  0.08s           2026-02-09T23:58:52
================================================================================

================================================================================
DAG File Processing Stats

File Path                            PID  Runtime      # DAGs    # Errors  Last Runtime    Last Run
---------------------------------  -----  ---------  --------  ----------  --------------  -------------------
/opt/airflow/dags/airflow_lab2.py    252  0.03s             0           1  0.04s           2026-02-09T23:59:23
================================================================================

================================================================================
DAG File Processing Stats

File Path                            PID  Runtime      # DAGs    # Errors  Last Runtime    Last Run
---------------------------------  -----  ---------  --------  ----------  --------------  -------------------
/opt/airflow/dags/airflow_lab2.py    257  0.01s             0           1  0.09s           2026-02-09T23:59:53
================================================================================

================================================================================
DAG File Processing Stats

File Path                            PID  Runtime      # DAGs    # Errors  Last Runtime    Last Run
---------------------------------  -----  ---------  --------  ----------  --------------  -------------------
/opt/airflow/dags/airflow_lab2.py    262  0.02s             0           1  0.05s           2026-02-10T00:00:23
================================================================================
Searching for files in /opt/airflow/dags
There are 1 files in /opt/airflow/dags

================================================================================
DAG File Processing Stats

File Path                            PID  Runtime      # DAGs    # Errors  Last Runtime    Last Run
---------------------------------  -----  ---------  --------  ----------  --------------  -------------------
/opt/airflow/dags/airflow_lab2.py    267  0.02s             0           1  0.06s           2026-02-10T00:00:53
================================================================================

================================================================================
DAG File Processing Stats

File Path                            PID  Runtime      # DAGs    # Errors  Last Runtime    Last Run
---------------------------------  -----  ---------  --------  ----------  --------------  -------------------
/opt/airflow/dags/airflow_lab2.py    272  0.01s             0           1  0.06s           2026-02-10T00:01:24
================================================================================

================================================================================
DAG File Processing Stats

File Path                            PID  Runtime      # DAGs    # Errors  Last Runtime    Last Run
---------------------------------  -----  ---------  --------  ----------  --------------  -------------------
/opt/airflow/dags/airflow_lab2.py    277  0.01s             0           1  0.05s           2026-02-10T00:01:54
================================================================================

================================================================================
DAG File Processing Stats

File Path                            PID  Runtime      # DAGs    # Errors  Last Runtime    Last Run
---------------------------------  -----  ---------  --------  ----------  --------------  -------------------
/opt/airflow/dags/airflow_lab2.py    346  0.01s             0           1  0.04s           2026-02-10T00:02:24
================================================================================
Exiting gracefully upon receiving signal 15
Processing files using up to 2 processes at a time 
Process each file at most once every 30 seconds
Checking for new files in /opt/airflow/dags every 300 seconds
Searching for files in /opt/airflow/dags
There are 1 files in /opt/airflow/dags

================================================================================
DAG File Processing Stats

File Path                            PID  Runtime      # DAGs    # Errors  Last Runtime    Last Run
---------------------------------  -----  ---------  --------  ----------  --------------  ----------
/opt/airflow/dags/airflow_lab2.py    167  0.02s             0           0
================================================================================

================================================================================
DAG File Processing Stats

File Path                            PID  Runtime      # DAGs    # Errors  Last Runtime    Last Run
---------------------------------  -----  ---------  --------  ----------  --------------  -------------------
/opt/airflow/dags/airflow_lab2.py    172  0.01s             0           1  0.03s           2026-02-10T00:03:29
================================================================================

================================================================================
DAG File Processing Stats

File Path                            PID  Runtime      # DAGs    # Errors  Last Runtime    Last Run
---------------------------------  -----  ---------  --------  ----------  --------------  -------------------
/opt/airflow/dags/airflow_lab2.py    177  0.01s             0           1  0.05s           2026-02-10T00:03:59
================================================================================

================================================================================
DAG File Processing Stats

File Path                            PID  Runtime      # DAGs    # Errors  Last Runtime    Last Run
---------------------------------  -----  ---------  --------  ----------  --------------  -------------------
/opt/airflow/dags/airflow_lab2.py    182  0.02s             0           1  0.04s           2026-02-10T00:04:30
================================================================================

================================================================================
DAG File Processing Stats

File Path                            PID  Runtime      # DAGs    # Errors  Last Runtime    Last Run
---------------------------------  -----  ---------  --------  ----------  --------------  -------------------
/opt/airflow/dags/airflow_lab2.py    187  0.00s             0           1  0.07s           2026-02-10T00:05:00
================================================================================

================================================================================
DAG File Processing Stats

File Path                            PID  Runtime      # DAGs    # Errors  Last Runtime    Last Run
---------------------------------  -----  ---------  --------  ----------  --------------  -------------------
/opt/airflow/dags/airflow_lab2.py    192  0.02s             0           1  0.03s           2026-02-10T00:05:30
================================================================================

================================================================================
DAG File Processing Stats

File Path                            PID  Runtime      # DAGs    # Errors  Last Runtime    Last Run
---------------------------------  -----  ---------  --------  ----------  --------------  -------------------
/opt/airflow/dags/airflow_lab2.py    198  0.01s             0           1  0.09s           2026-02-10T00:06:01
================================================================================
Exiting gracefully upon receiving signal 15
Exiting gracefully upon receiving signal 15
Processing files using up to 2 processes at a time 
Process each file at most once every 30 seconds
Checking for new files in /opt/airflow/dags every 300 seconds
Searching for files in /opt/airflow/dags
There are 1 files in /opt/airflow/dags

================================================================================
DAG File Processing Stats

File Path                            PID  Runtime      # DAGs    # Errors  Last Runtime    Last Run
---------------------------------  -----  ---------  --------  ----------  --------------  ----------
/opt/airflow/dags/airflow_lab2.py    167  0.02s             0           0
================================================================================

================================================================================
DAG File Processing Stats

File Path                            PID  Runtime      # DAGs    # Errors  Last Runtime    Last Run
---------------------------------  -----  ---------  --------  ----------  --------------  -------------------
/opt/airflow/dags/airflow_lab2.py    172  0.01s             0           1  0.04s           2026-02-10T00:07:03
================================================================================

================================================================================
DAG File Processing Stats

File Path                            PID  Runtime      # DAGs    # Errors  Last Runtime    Last Run
---------------------------------  -----  ---------  --------  ----------  --------------  -------------------
/opt/airflow/dags/airflow_lab2.py    177  0.01s             0           1  0.05s           2026-02-10T00:07:33
================================================================================

================================================================================
DAG File Processing Stats

File Path                            PID  Runtime      # DAGs    # Errors  Last Runtime    Last Run
---------------------------------  -----  ---------  --------  ----------  --------------  -------------------
/opt/airflow/dags/airflow_lab2.py    182  0.01s             0           1  0.03s           2026-02-10T00:08:03
================================================================================

================================================================================
DAG File Processing Stats

File Path                            PID  Runtime      # DAGs    # Errors  Last Runtime    Last Run
---------------------------------  -----  ---------  --------  ----------  --------------  -------------------
/opt/airflow/dags/airflow_lab2.py    187  0.00s             0           1  0.06s           2026-02-10T00:08:34
================================================================================
Searching for files in /opt/airflow/dags
There are 1 files in /opt/airflow/dags

================================================================================
DAG File Processing Stats

File Path                          PID    Runtime      # DAGs    # Errors  Last Runtime    Last Run
---------------------------------  -----  ---------  --------  ----------  --------------  -------------------
/opt/airflow/dags/airflow_lab2.py                           0           1  0.06s           2026-02-10T00:59:51
================================================================================
Searching for files in /opt/airflow/dags
There are 1 files in /opt/airflow/dags

================================================================================
DAG File Processing Stats

File Path                          PID    Runtime      # DAGs    # Errors  Last Runtime    Last Run
---------------------------------  -----  ---------  --------  ----------  --------------  -------------------
/opt/airflow/dags/airflow_lab2.py                           0           1  0.14s           2026-02-10T01:28:02
================================================================================
Searching for files in /opt/airflow/dags
There are 1 files in /opt/airflow/dags

================================================================================
DAG File Processing Stats

File Path                          PID    Runtime      # DAGs    # Errors  Last Runtime    Last Run
---------------------------------  -----  ---------  --------  ----------  --------------  -------------------
/opt/airflow/dags/airflow_lab2.py                           0           1  0.06s           2026-02-10T01:35:15
================================================================================

================================================================================
DAG File Processing Stats

File Path                          PID    Runtime      # DAGs    # Errors  Last Runtime    Last Run
---------------------------------  -----  ---------  --------  ----------  --------------  -------------------
/opt/airflow/dags/airflow_lab2.py                           0           1  0.07s           2026-02-10T01:35:45
================================================================================

================================================================================
DAG File Processing Stats

File Path                          PID    Runtime      # DAGs    # Errors  Last Runtime    Last Run
---------------------------------  -----  ---------  --------  ----------  --------------  -------------------
/opt/airflow/dags/airflow_lab2.py                           0           1  0.08s           2026-02-10T01:36:16
================================================================================

================================================================================
DAG File Processing Stats

File Path                          PID    Runtime      # DAGs    # Errors  Last Runtime    Last Run
---------------------------------  -----  ---------  --------  ----------  --------------  -------------------
/opt/airflow/dags/airflow_lab2.py                           0           1  0.02s           2026-02-10T01:36:46
================================================================================

================================================================================
DAG File Processing Stats

File Path                          PID    Runtime      # DAGs    # Errors  Last Runtime    Last Run
---------------------------------  -----  ---------  --------  ----------  --------------  -------------------
/opt/airflow/dags/airflow_lab2.py                           0           1  0.05s           2026-02-10T01:37:16
================================================================================

================================================================================
DAG File Processing Stats

File Path                          PID    Runtime      # DAGs    # Errors  Last Runtime    Last Run
---------------------------------  -----  ---------  --------  ----------  --------------  -------------------
/opt/airflow/dags/airflow_lab2.py                           0           1  0.03s           2026-02-10T01:37:46
================================================================================

================================================================================
DAG File Processing Stats

File Path                          PID    Runtime      # DAGs    # Errors  Last Runtime    Last Run
---------------------------------  -----  ---------  --------  ----------  --------------  -------------------
/opt/airflow/dags/airflow_lab2.py                           0           1  0.09s           2026-02-10T01:38:17
================================================================================

================================================================================
DAG File Processing Stats

File Path                          PID    Runtime      # DAGs    # Errors  Last Runtime    Last Run
---------------------------------  -----  ---------  --------  ----------  --------------  -------------------
/opt/airflow/dags/airflow_lab2.py                           0           1  0.08s           2026-02-10T01:38:47
================================================================================

================================================================================
DAG File Processing Stats

File Path                          PID    Runtime      # DAGs    # Errors  Last Runtime    Last Run
---------------------------------  -----  ---------  --------  ----------  --------------  -------------------
/opt/airflow/dags/airflow_lab2.py                           0           1  0.05s           2026-02-10T01:39:17
================================================================================

================================================================================
DAG File Processing Stats

File Path                          PID    Runtime      # DAGs    # Errors  Last Runtime    Last Run
---------------------------------  -----  ---------  --------  ----------  --------------  -------------------
/opt/airflow/dags/airflow_lab2.py                           0           1  0.06s           2026-02-10T01:39:48
================================================================================
Searching for files in /opt/airflow/dags
There are 1 files in /opt/airflow/dags

================================================================================
DAG File Processing Stats

File Path                          PID    Runtime      # DAGs    # Errors  Last Runtime    Last Run
---------------------------------  -----  ---------  --------  ----------  --------------  -------------------
/opt/airflow/dags/airflow_lab2.py                           0           1  0.04s           2026-02-10T01:40:18
================================================================================

================================================================================
DAG File Processing Stats

File Path                          PID    Runtime      # DAGs    # Errors  Last Runtime    Last Run
---------------------------------  -----  ---------  --------  ----------  --------------  -------------------
/opt/airflow/dags/airflow_lab2.py                           0           1  0.04s           2026-02-10T01:40:48
================================================================================

================================================================================
DAG File Processing Stats

File Path                          PID    Runtime      # DAGs    # Errors  Last Runtime    Last Run
---------------------------------  -----  ---------  --------  ----------  --------------  -------------------
/opt/airflow/dags/airflow_lab2.py                           0           1  0.04s           2026-02-10T01:41:19
================================================================================

================================================================================
DAG File Processing Stats

File Path                          PID    Runtime      # DAGs    # Errors  Last Runtime    Last Run
---------------------------------  -----  ---------  --------  ----------  --------------  -------------------
/opt/airflow/dags/airflow_lab2.py                           0           1  0.05s           2026-02-10T01:41:49
================================================================================

================================================================================
DAG File Processing Stats

File Path                          PID    Runtime      # DAGs    # Errors  Last Runtime    Last Run
---------------------------------  -----  ---------  --------  ----------  --------------  -------------------
/opt/airflow/dags/airflow_lab2.py                           0           1  0.04s           2026-02-10T01:42:19
================================================================================

================================================================================
DAG File Processing Stats

File Path                          PID    Runtime      # DAGs    # Errors  Last Runtime    Last Run
---------------------------------  -----  ---------  --------  ----------  --------------  -------------------
/opt/airflow/dags/airflow_lab2.py                           0           1  0.05s           2026-02-10T01:42:50
================================================================================

================================================================================
DAG File Processing Stats

File Path                          PID    Runtime      # DAGs    # Errors  Last Runtime    Last Run
---------------------------------  -----  ---------  --------  ----------  --------------  -------------------
/opt/airflow/dags/airflow_lab2.py                           0           1  0.08s           2026-02-10T01:43:20
================================================================================

================================================================================
DAG File Processing Stats

File Path                          PID    Runtime      # DAGs    # Errors  Last Runtime    Last Run
---------------------------------  -----  ---------  --------  ----------  --------------  -------------------
/opt/airflow/dags/airflow_lab2.py                           0           1  0.04s           2026-02-10T01:43:50
================================================================================

================================================================================
DAG File Processing Stats

File Path                          PID    Runtime      # DAGs    # Errors  Last Runtime    Last Run
---------------------------------  -----  ---------  --------  ----------  --------------  -------------------
/opt/airflow/dags/airflow_lab2.py                           0           1  0.04s           2026-02-10T01:44:21
================================================================================

================================================================================
DAG File Processing Stats

File Path                          PID    Runtime      # DAGs    # Errors  Last Runtime    Last Run
---------------------------------  -----  ---------  --------  ----------  --------------  -------------------
/opt/airflow/dags/airflow_lab2.py                           0           1  0.05s           2026-02-10T01:44:51
================================================================================
Searching for files in /opt/airflow/dags
There are 1 files in /opt/airflow/dags

================================================================================
DAG File Processing Stats

File Path                          PID    Runtime      # DAGs    # Errors  Last Runtime    Last Run
---------------------------------  -----  ---------  --------  ----------  --------------  -------------------
/opt/airflow/dags/airflow_lab2.py                           0           1  0.04s           2026-02-10T01:45:21
================================================================================

================================================================================
DAG File Processing Stats

File Path                          PID    Runtime      # DAGs    # Errors  Last Runtime    Last Run
---------------------------------  -----  ---------  --------  ----------  --------------  -------------------
/opt/airflow/dags/airflow_lab2.py                           0           1  0.06s           2026-02-10T01:45:52
================================================================================

================================================================================
DAG File Processing Stats

File Path                          PID    Runtime      # DAGs    # Errors  Last Runtime    Last Run
---------------------------------  -----  ---------  --------  ----------  --------------  -------------------
/opt/airflow/dags/airflow_lab2.py                           0           1  0.08s           2026-02-10T01:46:22
================================================================================

================================================================================
DAG File Processing Stats

File Path                          PID    Runtime      # DAGs    # Errors  Last Runtime    Last Run
---------------------------------  -----  ---------  --------  ----------  --------------  -------------------
/opt/airflow/dags/airflow_lab2.py                           0           1  0.07s           2026-02-10T01:46:52
================================================================================

================================================================================
DAG File Processing Stats

File Path                          PID    Runtime      # DAGs    # Errors  Last Runtime    Last Run
---------------------------------  -----  ---------  --------  ----------  --------------  -------------------
/opt/airflow/dags/airflow_lab2.py                           0           1  0.07s           2026-02-10T01:47:23
================================================================================

================================================================================
DAG File Processing Stats

File Path                          PID    Runtime      # DAGs    # Errors  Last Runtime    Last Run
---------------------------------  -----  ---------  --------  ----------  --------------  -------------------
/opt/airflow/dags/airflow_lab2.py                           0           1  0.08s           2026-02-10T01:47:53
================================================================================

================================================================================
DAG File Processing Stats

File Path                          PID    Runtime      # DAGs    # Errors  Last Runtime    Last Run
---------------------------------  -----  ---------  --------  ----------  --------------  -------------------
/opt/airflow/dags/airflow_lab2.py                           0           1  0.05s           2026-02-10T01:48:23
================================================================================

================================================================================
DAG File Processing Stats

File Path                          PID    Runtime      # DAGs    # Errors  Last Runtime    Last Run
---------------------------------  -----  ---------  --------  ----------  --------------  -------------------
/opt/airflow/dags/airflow_lab2.py                           0           1  0.08s           2026-02-10T01:48:54
================================================================================

================================================================================
DAG File Processing Stats

File Path                          PID    Runtime      # DAGs    # Errors  Last Runtime    Last Run
---------------------------------  -----  ---------  --------  ----------  --------------  -------------------
/opt/airflow/dags/airflow_lab2.py                           0           1  0.06s           2026-02-10T01:49:24
================================================================================

================================================================================
DAG File Processing Stats

File Path                          PID    Runtime      # DAGs    # Errors  Last Runtime    Last Run
---------------------------------  -----  ---------  --------  ----------  --------------  -------------------
/opt/airflow/dags/airflow_lab2.py                           0           1  0.05s           2026-02-10T01:49:55
================================================================================
Searching for files in /opt/airflow/dags
There are 1 files in /opt/airflow/dags

================================================================================
DAG File Processing Stats

File Path                          PID    Runtime      # DAGs    # Errors  Last Runtime    Last Run
---------------------------------  -----  ---------  --------  ----------  --------------  -------------------
/opt/airflow/dags/airflow_lab2.py                           0           1  0.05s           2026-02-10T01:50:25
================================================================================

================================================================================
DAG File Processing Stats

File Path                          PID    Runtime      # DAGs    # Errors  Last Runtime    Last Run
---------------------------------  -----  ---------  --------  ----------  --------------  -------------------
/opt/airflow/dags/airflow_lab2.py                           0           1  0.05s           2026-02-10T01:50:55
================================================================================

================================================================================
DAG File Processing Stats

File Path                          PID    Runtime      # DAGs    # Errors  Last Runtime    Last Run
---------------------------------  -----  ---------  --------  ----------  --------------  -------------------
/opt/airflow/dags/airflow_lab2.py                           0           1  0.03s           2026-02-10T01:51:26
================================================================================

================================================================================
DAG File Processing Stats

File Path                          PID    Runtime      # DAGs    # Errors  Last Runtime    Last Run
---------------------------------  -----  ---------  --------  ----------  --------------  -------------------
/opt/airflow/dags/airflow_lab2.py                           0           1  0.05s           2026-02-10T01:51:56
================================================================================

================================================================================
DAG File Processing Stats

File Path                          PID    Runtime      # DAGs    # Errors  Last Runtime    Last Run
---------------------------------  -----  ---------  --------  ----------  --------------  -------------------
/opt/airflow/dags/airflow_lab2.py                           0           1  0.06s           2026-02-10T01:52:26
================================================================================

================================================================================
DAG File Processing Stats

File Path                          PID    Runtime      # DAGs    # Errors  Last Runtime    Last Run
---------------------------------  -----  ---------  --------  ----------  --------------  -------------------
/opt/airflow/dags/airflow_lab2.py                           0           1  0.05s           2026-02-10T01:52:56
================================================================================

================================================================================
DAG File Processing Stats

File Path                          PID    Runtime      # DAGs    # Errors  Last Runtime    Last Run
---------------------------------  -----  ---------  --------  ----------  --------------  -------------------
/opt/airflow/dags/airflow_lab2.py                           0           1  0.04s           2026-02-10T01:53:27
================================================================================

================================================================================
DAG File Processing Stats

File Path                          PID    Runtime      # DAGs    # Errors  Last Runtime    Last Run
---------------------------------  -----  ---------  --------  ----------  --------------  -------------------
/opt/airflow/dags/airflow_lab2.py                           0           1  0.04s           2026-02-10T01:53:57
================================================================================

================================================================================
DAG File Processing Stats

File Path                          PID    Runtime      # DAGs    # Errors  Last Runtime    Last Run
---------------------------------  -----  ---------  --------  ----------  --------------  -------------------
/opt/airflow/dags/airflow_lab2.py                           0           1  0.04s           2026-02-10T01:54:27
================================================================================

================================================================================
DAG File Processing Stats

File Path                          PID    Runtime      # DAGs    # Errors  Last Runtime    Last Run
---------------------------------  -----  ---------  --------  ----------  --------------  -------------------
/opt/airflow/dags/airflow_lab2.py                           0           1  0.03s           2026-02-10T01:54:57
================================================================================
Searching for files in /opt/airflow/dags
There are 1 files in /opt/airflow/dags

================================================================================
DAG File Processing Stats

File Path                          PID    Runtime      # DAGs    # Errors  Last Runtime    Last Run
---------------------------------  -----  ---------  --------  ----------  --------------  -------------------
/opt/airflow/dags/airflow_lab2.py                           0           1  0.04s           2026-02-10T01:55:28
================================================================================

================================================================================
DAG File Processing Stats

File Path                          PID    Runtime      # DAGs    # Errors  Last Runtime    Last Run
---------------------------------  -----  ---------  --------  ----------  --------------  -------------------
/opt/airflow/dags/airflow_lab2.py                           0           1  0.04s           2026-02-10T01:55:58
================================================================================

================================================================================
DAG File Processing Stats

File Path                          PID    Runtime      # DAGs    # Errors  Last Runtime    Last Run
---------------------------------  -----  ---------  --------  ----------  --------------  -------------------
/opt/airflow/dags/airflow_lab2.py                           0           1  0.03s           2026-02-10T01:56:28
================================================================================

================================================================================
DAG File Processing Stats

File Path                          PID    Runtime      # DAGs    # Errors  Last Runtime    Last Run
---------------------------------  -----  ---------  --------  ----------  --------------  -------------------
/opt/airflow/dags/airflow_lab2.py                           0           1  0.06s           2026-02-10T01:56:59
================================================================================
[2026-02-10T02:29:35.420+0000] {manager.py:469} INFO - Processing files using up to 2 processes at a time 
[2026-02-10T02:29:35.421+0000] {manager.py:470} INFO - Process each file at most once every 30 seconds
[2026-02-10T02:29:35.421+0000] {manager.py:471} INFO - Checking for new files in /opt/airflow/dags every 300 seconds
[2026-02-10T02:29:35.421+0000] {manager.py:738} INFO - Searching for files in /opt/airflow/dags
[2026-02-10T02:29:35.423+0000] {manager.py:741} INFO - There are 1 files in /opt/airflow/dags
[2026-02-10T02:29:35.484+0000] {manager.py:879} INFO - 
================================================================================
DAG File Processing Stats

File Path                            PID  Runtime      # DAGs    # Errors  Last Runtime    Last Run
---------------------------------  -----  ---------  --------  ----------  --------------  ----------
/opt/airflow/dags/airflow_lab2.py    180  0.03s             0           0
================================================================================
[2026-02-10T02:30:05.798+0000] {manager.py:879} INFO - 
================================================================================
DAG File Processing Stats

File Path                            PID  Runtime      # DAGs    # Errors  Last Runtime    Last Run
---------------------------------  -----  ---------  --------  ----------  --------------  -------------------
/opt/airflow/dags/airflow_lab2.py    205  0.01s             0           1  0.04s           2026-02-10T02:29:35
================================================================================
[2026-02-10T02:30:36.217+0000] {manager.py:879} INFO - 
================================================================================
DAG File Processing Stats

File Path                            PID  Runtime      # DAGs    # Errors  Last Runtime    Last Run
---------------------------------  -----  ---------  --------  ----------  --------------  -------------------
/opt/airflow/dags/airflow_lab2.py    212  0.01s             0           1  0.13s           2026-02-10T02:30:05
================================================================================
[2026-02-10T02:31:06.533+0000] {manager.py:879} INFO - 
================================================================================
DAG File Processing Stats

File Path                            PID  Runtime      # DAGs    # Errors  Last Runtime    Last Run
---------------------------------  -----  ---------  --------  ----------  --------------  -------------------
/opt/airflow/dags/airflow_lab2.py    217  0.01s             0           1  0.08s           2026-02-10T02:30:36
================================================================================
[2026-02-10T02:31:36.865+0000] {manager.py:879} INFO - 
================================================================================
DAG File Processing Stats

File Path                            PID  Runtime      # DAGs    # Errors  Last Runtime    Last Run
---------------------------------  -----  ---------  --------  ----------  --------------  -------------------
/opt/airflow/dags/airflow_lab2.py    239  0.01s             0           1  0.06s           2026-02-10T02:31:06
================================================================================
[2026-02-10T02:32:07.204+0000] {manager.py:879} INFO - 
================================================================================
DAG File Processing Stats

File Path                            PID  Runtime      # DAGs    # Errors  Last Runtime    Last Run
---------------------------------  -----  ---------  --------  ----------  --------------  -------------------
/opt/airflow/dags/airflow_lab2.py    244  0.02s             0           1  0.07s           2026-02-10T02:31:36
================================================================================
[2026-02-10T02:32:37.580+0000] {manager.py:879} INFO - 
================================================================================
DAG File Processing Stats

File Path                            PID  Runtime      # DAGs    # Errors  Last Runtime    Last Run
---------------------------------  -----  ---------  --------  ----------  --------------  -------------------
/opt/airflow/dags/airflow_lab2.py    250  0.01s             0           1  0.07s           2026-02-10T02:32:07
================================================================================
[2026-02-10T02:33:07.899+0000] {manager.py:879} INFO - 
================================================================================
DAG File Processing Stats

File Path                            PID  Runtime      # DAGs    # Errors  Last Runtime    Last Run
---------------------------------  -----  ---------  --------  ----------  --------------  -------------------
/opt/airflow/dags/airflow_lab2.py    255  0.01s             0           1  0.04s           2026-02-10T02:32:37
================================================================================
[2026-02-10T02:33:38.292+0000] {manager.py:879} INFO - 
================================================================================
DAG File Processing Stats

File Path                            PID  Runtime      # DAGs    # Errors  Last Runtime    Last Run
---------------------------------  -----  ---------  --------  ----------  --------------  -------------------
/opt/airflow/dags/airflow_lab2.py    260  0.03s             0           1  0.05s           2026-02-10T02:33:07
================================================================================
[2026-02-10T02:34:08.662+0000] {manager.py:879} INFO - 
================================================================================
DAG File Processing Stats

File Path                            PID  Runtime      # DAGs    # Errors  Last Runtime    Last Run
---------------------------------  -----  ---------  --------  ----------  --------------  -------------------
/opt/airflow/dags/airflow_lab2.py    265  0.01s             0           1  0.08s           2026-02-10T02:33:38
================================================================================
[2026-02-10T02:34:35.962+0000] {manager.py:738} INFO - Searching for files in /opt/airflow/dags
[2026-02-10T02:34:35.970+0000] {manager.py:741} INFO - There are 1 files in /opt/airflow/dags
[2026-02-10T02:34:39.060+0000] {manager.py:879} INFO - 
================================================================================
DAG File Processing Stats

File Path                            PID  Runtime      # DAGs    # Errors  Last Runtime    Last Run
---------------------------------  -----  ---------  --------  ----------  --------------  -------------------
/opt/airflow/dags/airflow_lab2.py    270  0.02s             0           1  0.07s           2026-02-10T02:34:08
================================================================================
[2026-02-10T02:35:09.366+0000] {manager.py:879} INFO - 
================================================================================
DAG File Processing Stats

File Path                            PID  Runtime      # DAGs    # Errors  Last Runtime    Last Run
---------------------------------  -----  ---------  --------  ----------  --------------  -------------------
/opt/airflow/dags/airflow_lab2.py    275  0.02s             0           1  0.07s           2026-02-10T02:34:39
================================================================================
[2026-02-10T02:35:39.666+0000] {manager.py:879} INFO - 
================================================================================
DAG File Processing Stats

File Path                            PID  Runtime      # DAGs    # Errors  Last Runtime    Last Run
---------------------------------  -----  ---------  --------  ----------  --------------  -------------------
/opt/airflow/dags/airflow_lab2.py    280  0.01s             0           1  0.06s           2026-02-10T02:35:09
================================================================================
[2026-02-10T02:36:09.655+0000] {manager.py:451} INFO - Exiting gracefully upon receiving signal 15
[2026-02-10T02:36:14.631+0000] {manager.py:469} INFO - Processing files using up to 2 processes at a time 
[2026-02-10T02:36:14.631+0000] {manager.py:470} INFO - Process each file at most once every 30 seconds
[2026-02-10T02:36:14.631+0000] {manager.py:471} INFO - Checking for new files in /opt/airflow/dags every 300 seconds
[2026-02-10T02:36:14.631+0000] {manager.py:738} INFO - Searching for files in /opt/airflow/dags
[2026-02-10T02:36:14.632+0000] {manager.py:741} INFO - There are 1 files in /opt/airflow/dags
[2026-02-10T02:36:14.685+0000] {manager.py:879} INFO - 
================================================================================
DAG File Processing Stats

File Path                            PID  Runtime      # DAGs    # Errors  Last Runtime    Last Run
---------------------------------  -----  ---------  --------  ----------  --------------  ----------
/opt/airflow/dags/airflow_lab2.py    180  0.03s             0           0
================================================================================
[2026-02-10T02:36:44.951+0000] {manager.py:879} INFO - 
================================================================================
DAG File Processing Stats

File Path                            PID  Runtime      # DAGs    # Errors  Last Runtime    Last Run
---------------------------------  -----  ---------  --------  ----------  --------------  -------------------
/opt/airflow/dags/airflow_lab2.py    204  0.01s             0           1  0.05s           2026-02-10T02:36:14
================================================================================
[2026-02-10T02:37:15.267+0000] {manager.py:879} INFO - 
================================================================================
DAG File Processing Stats

File Path                            PID  Runtime      # DAGs    # Errors  Last Runtime    Last Run
---------------------------------  -----  ---------  --------  ----------  --------------  -------------------
/opt/airflow/dags/airflow_lab2.py    209  0.01s             0           1  0.07s           2026-02-10T02:36:45
================================================================================
[2026-02-10T02:37:45.621+0000] {manager.py:879} INFO - 
================================================================================
DAG File Processing Stats

File Path                            PID  Runtime      # DAGs    # Errors  Last Runtime    Last Run
---------------------------------  -----  ---------  --------  ----------  --------------  -------------------
/opt/airflow/dags/airflow_lab2.py    220  0.02s             0           1  0.05s           2026-02-10T02:37:15
================================================================================
[2026-02-10T02:38:15.947+0000] {manager.py:879} INFO - 
================================================================================
DAG File Processing Stats

File Path                            PID  Runtime      # DAGs    # Errors  Last Runtime    Last Run
---------------------------------  -----  ---------  --------  ----------  --------------  -------------------
/opt/airflow/dags/airflow_lab2.py    225  0.01s             0           1  0.15s           2026-02-10T02:37:45
================================================================================
[2026-02-10T02:38:46.320+0000] {manager.py:879} INFO - 
================================================================================
DAG File Processing Stats

File Path                            PID  Runtime      # DAGs    # Errors  Last Runtime    Last Run
---------------------------------  -----  ---------  --------  ----------  --------------  -------------------
/opt/airflow/dags/airflow_lab2.py    230  0.01s             0           1  0.07s           2026-02-10T02:38:16
================================================================================
[2026-02-10T02:39:16.629+0000] {manager.py:879} INFO - 
================================================================================
DAG File Processing Stats

File Path                            PID  Runtime      # DAGs    # Errors  Last Runtime    Last Run
---------------------------------  -----  ---------  --------  ----------  --------------  -------------------
/opt/airflow/dags/airflow_lab2.py    235  0.01s             0           1  0.07s           2026-02-10T02:38:46
================================================================================
[2026-02-10T02:39:44.932+0000] {manager.py:451} INFO - Exiting gracefully upon receiving signal 15
[2026-02-10T02:40:02.675+0000] {manager.py:469} INFO - Processing files using up to 2 processes at a time 
[2026-02-10T02:40:02.676+0000] {manager.py:470} INFO - Process each file at most once every 30 seconds
[2026-02-10T02:40:02.676+0000] {manager.py:471} INFO - Checking for new files in /opt/airflow/dags every 300 seconds
[2026-02-10T02:40:02.677+0000] {manager.py:738} INFO - Searching for files in /opt/airflow/dags
[2026-02-10T02:40:02.678+0000] {manager.py:741} INFO - There are 1 files in /opt/airflow/dags
[2026-02-10T02:40:02.711+0000] {manager.py:879} INFO - 
================================================================================
DAG File Processing Stats

File Path                            PID  Runtime      # DAGs    # Errors  Last Runtime    Last Run
---------------------------------  -----  ---------  --------  ----------  --------------  ----------
/opt/airflow/dags/airflow_lab2.py    207  0.02s             0           0
================================================================================
[2026-02-10T02:40:32.952+0000] {manager.py:879} INFO - 
================================================================================
DAG File Processing Stats

File Path                          PID    Runtime      # DAGs    # Errors  Last Runtime    Last Run
---------------------------------  -----  ---------  --------  ----------  --------------  -------------------
/opt/airflow/dags/airflow_lab2.py                           1           0  0.56s           2026-02-10T02:40:03
================================================================================
[2026-02-10T02:41:03.196+0000] {manager.py:879} INFO - 
================================================================================
DAG File Processing Stats

File Path                          PID    Runtime      # DAGs    # Errors  Last Runtime    Last Run
---------------------------------  -----  ---------  --------  ----------  --------------  -------------------
/opt/airflow/dags/airflow_lab2.py                           1           0  0.62s           2026-02-10T02:40:34
================================================================================
[2026-02-10T02:41:33.680+0000] {manager.py:879} INFO - 
================================================================================
DAG File Processing Stats

File Path                          PID    Runtime      # DAGs    # Errors  Last Runtime    Last Run
---------------------------------  -----  ---------  --------  ----------  --------------  -------------------
/opt/airflow/dags/airflow_lab2.py                           1           0  0.55s           2026-02-10T02:41:04
================================================================================
[2026-02-10T02:42:03.795+0000] {manager.py:879} INFO - 
================================================================================
DAG File Processing Stats

File Path                          PID    Runtime      # DAGs    # Errors  Last Runtime    Last Run
---------------------------------  -----  ---------  --------  ----------  --------------  -------------------
/opt/airflow/dags/airflow_lab2.py                           1           0  0.57s           2026-02-10T02:41:35
================================================================================
[2026-02-10T02:42:34.628+0000] {manager.py:879} INFO - 
================================================================================
DAG File Processing Stats

File Path                          PID    Runtime      # DAGs    # Errors  Last Runtime    Last Run
---------------------------------  -----  ---------  --------  ----------  --------------  -------------------
/opt/airflow/dags/airflow_lab2.py                           1           0  0.67s           2026-02-10T02:42:06
================================================================================
[2026-02-10T02:43:04.638+0000] {manager.py:879} INFO - 
================================================================================
DAG File Processing Stats

File Path                          PID    Runtime      # DAGs    # Errors  Last Runtime    Last Run
---------------------------------  -----  ---------  --------  ----------  --------------  -------------------
/opt/airflow/dags/airflow_lab2.py                           1           0  0.73s           2026-02-10T02:42:37
================================================================================
[2026-02-10T02:43:35.257+0000] {manager.py:879} INFO - 
================================================================================
DAG File Processing Stats

File Path                          PID    Runtime      # DAGs    # Errors  Last Runtime    Last Run
---------------------------------  -----  ---------  --------  ----------  --------------  -------------------
/opt/airflow/dags/airflow_lab2.py                           1           0  0.60s           2026-02-10T02:43:08
================================================================================
[2026-02-10T02:44:05.765+0000] {manager.py:879} INFO - 
================================================================================
DAG File Processing Stats

File Path                          PID    Runtime      # DAGs    # Errors  Last Runtime    Last Run
---------------------------------  -----  ---------  --------  ----------  --------------  -------------------
/opt/airflow/dags/airflow_lab2.py                           1           0  0.59s           2026-02-10T02:43:38
================================================================================
[2026-02-10T02:44:36.047+0000] {manager.py:879} INFO - 
================================================================================
DAG File Processing Stats

File Path                          PID    Runtime      # DAGs    # Errors  Last Runtime    Last Run
---------------------------------  -----  ---------  --------  ----------  --------------  -------------------
/opt/airflow/dags/airflow_lab2.py                           1           0  0.62s           2026-02-10T02:44:09
================================================================================
[2026-02-10T02:45:02.912+0000] {manager.py:738} INFO - Searching for files in /opt/airflow/dags
[2026-02-10T02:45:02.923+0000] {manager.py:741} INFO - There are 1 files in /opt/airflow/dags
[2026-02-10T02:45:06.357+0000] {manager.py:879} INFO - 
================================================================================
DAG File Processing Stats

File Path                          PID    Runtime      # DAGs    # Errors  Last Runtime    Last Run
---------------------------------  -----  ---------  --------  ----------  --------------  -------------------
/opt/airflow/dags/airflow_lab2.py                           1           0  0.60s           2026-02-10T02:44:40
================================================================================
[2026-02-10T02:45:36.606+0000] {manager.py:879} INFO - 
================================================================================
DAG File Processing Stats

File Path                          PID    Runtime      # DAGs    # Errors  Last Runtime    Last Run
---------------------------------  -----  ---------  --------  ----------  --------------  -------------------
/opt/airflow/dags/airflow_lab2.py                           1           0  0.55s           2026-02-10T02:45:11
================================================================================
